Archive member included to satisfy reference by file (symbol)

app/libapp.a(main.c.obj)      (--whole-archive)
zephyr/libzephyr.a(crc32k_4_2_sw.c.obj)
                              (--whole-archive)
zephyr/libzephyr.a(crc32c_sw.c.obj)
                              (--whole-archive)
zephyr/libzephyr.a(crc32_sw.c.obj)
                              (--whole-archive)
zephyr/libzephyr.a(crc24_sw.c.obj)
                              (--whole-archive)
zephyr/libzephyr.a(crc16_sw.c.obj)
                              (--whole-archive)
zephyr/libzephyr.a(crc8_sw.c.obj)
                              (--whole-archive)
zephyr/libzephyr.a(crc7_sw.c.obj)
                              (--whole-archive)
zephyr/libzephyr.a(crc4_sw.c.obj)
                              (--whole-archive)
zephyr/libzephyr.a(heap.c.obj)
                              (--whole-archive)
zephyr/libzephyr.a(cbprintf_packaged.c.obj)
                              (--whole-archive)
zephyr/libzephyr.a(clock.c.obj)
                              (--whole-archive)
zephyr/libzephyr.a(printk.c.obj)
                              (--whole-archive)
zephyr/libzephyr.a(sem.c.obj)
                              (--whole-archive)
zephyr/libzephyr.a(thread_entry.c.obj)
                              (--whole-archive)
zephyr/libzephyr.a(cbprintf_complete.c.obj)
                              (--whole-archive)
zephyr/libzephyr.a(assert.c.obj)
                              (--whole-archive)
zephyr/libzephyr.a(mpsc_pbuf.c.obj)
                              (--whole-archive)
zephyr/libzephyr.a(dec.c.obj)
                              (--whole-archive)
zephyr/libzephyr.a(hex.c.obj)
                              (--whole-archive)
zephyr/libzephyr.a(rb.c.obj)  (--whole-archive)
zephyr/libzephyr.a(timeutil.c.obj)
                              (--whole-archive)
zephyr/libzephyr.a(bitarray.c.obj)
                              (--whole-archive)
zephyr/libzephyr.a(ring_buffer.c.obj)
                              (--whole-archive)
zephyr/libzephyr.a(last_section_id.c.obj)
                              (--whole-archive)
zephyr/libzephyr.a(configs.c.obj)
                              (--whole-archive)
zephyr/libzephyr.a(stm32cube_hal.c.obj)
                              (--whole-archive)
zephyr/libzephyr.a(soc_config.c.obj)
                              (--whole-archive)
zephyr/libzephyr.a(stm32_cache.c.obj)
                              (--whole-archive)
zephyr/libzephyr.a(stm32_backup_domain.c.obj)
                              (--whole-archive)
zephyr/libzephyr.a(soc_m7.c.obj)
                              (--whole-archive)
zephyr/libzephyr.a(mpu_regions.c.obj)
                              (--whole-archive)
zephyr/libzephyr.a(log_core.c.obj)
                              (--whole-archive)
zephyr/libzephyr.a(log_mgmt.c.obj)
                              (--whole-archive)
zephyr/libzephyr.a(log_cache.c.obj)
                              (--whole-archive)
zephyr/libzephyr.a(log_msg.c.obj)
                              (--whole-archive)
zephyr/libzephyr.a(log_output.c.obj)
                              (--whole-archive)
zephyr/libzephyr.a(mem_attr.c.obj)
                              (--whole-archive)
zephyr/libzephyr.a(tracing_none.c.obj)
                              (--whole-archive)
zephyr/libzephyr.a(kernel_shell.c.obj)
                              (--whole-archive)
zephyr/libzephyr.a(cycles.c.obj)
                              (--whole-archive)
zephyr/libzephyr.a(sleep.c.obj)
                              (--whole-archive)
zephyr/libzephyr.a(uptime.c.obj)
                              (--whole-archive)
zephyr/libzephyr.a(version.c.obj)
                              (--whole-archive)
zephyr/libzephyr.a(log-level.c.obj)
                              (--whole-archive)
zephyr/libzephyr.a(thread.c.obj)
                              (--whole-archive)
zephyr/libzephyr.a(list.c.obj)
                              (--whole-archive)
zephyr/libzephyr.a(stacks.c.obj)
                              (--whole-archive)
zephyr/libzephyr.a(suspend.c.obj)
                              (--whole-archive)
zephyr/libzephyr.a(resume.c.obj)
                              (--whole-archive)
zephyr/libzephyr.a(kill.c.obj)
                              (--whole-archive)
zephyr/libzephyr.a(device_service.c.obj)
                              (--whole-archive)
zephyr/libzephyr.a(devmem_service.c.obj)
                              (--whole-archive)
zephyr/libzephyr.a(shell_uart.c.obj)
                              (--whole-archive)
zephyr/libzephyr.a(shell.c.obj)
                              (--whole-archive)
zephyr/libzephyr.a(shell_fprintf.c.obj)
                              (--whole-archive)
zephyr/libzephyr.a(shell_utils.c.obj)
                              (--whole-archive)
zephyr/libzephyr.a(shell_ops.c.obj)
                              (--whole-archive)
zephyr/libzephyr.a(shell_log_backend.c.obj)
                              (--whole-archive)
zephyr/libzephyr.a(shell_help.c.obj)
[...]
Memory Configuration

Name             Origin             Length             Attributes
FLASH            0x0000000008000000 0x0000000000200000 xr
RAM              0x0000000024000000 0x0000000000080000 xw
EXTMEM           0x0000000090000000 0x0000000010000000 rw
SRAM1            0x0000000030000000 0x0000000000020000 rw
SRAM2            0x0000000030020000 0x0000000000020000 rw
SRAM4            0x0000000038000000 0x0000000000010000 rw
DTCM             0x0000000020000000 0x0000000000020000 rw
ITCM             0x0000000000000000 0x0000000000010000 rw
SRAM3            0x0000000030040000 0x0000000000008000 rw
SDRAM1           0x00000000c0000000 0x0000000000800000 rw
IDT_LIST         0x00000000ffff7fff 0x0000000000008000 xw
*default*        0x0000000000000000 0xffffffffffffffff

Linker script and memory map

                0x000000000800a92c                vfprintf = __d_vfprintf
                0x0000000000000000                vfscanf = __d_vfscanf
LOAD zephyr/CMakeFiles/zephyr_pre0.dir/misc/empty_file.c.obj
LOAD zephyr/CMakeFiles/offsets.dir/./arch/arm/core/offsets/offsets.c.obj
LOAD app/libapp.a
LOAD zephyr/libzephyr.a
LOAD zephyr/arch/common/libarch__common.a
LOAD zephyr/arch/arch/arm/core/libarch__arm__core.a
LOAD zephyr/arch/arch/arm/core/cortex_m/libarch__arm__core__cortex_m.a
LOAD zephyr/arch/arch/arm/core/mpu/libarch__arm__core__mpu.a
LOAD zephyr/lib/libc/picolibc/liblib__libc__picolibc.a
LOAD zephyr/lib/libc/common/liblib__libc__common.a
LOAD zephyr/lib/posix/options/liblib__posix__options.a
LOAD zephyr/drivers/interrupt_controller/libdrivers__interrupt_controller.a
LOAD zephyr/drivers/clock_control/libdrivers__clock_control.a
LOAD zephyr/drivers/console/libdrivers__console.a
LOAD zephyr/drivers/gpio/libdrivers__gpio.a
LOAD zephyr/drivers/i2c/libdrivers__i2c.a
LOAD zephyr/drivers/pinctrl/libdrivers__pinctrl.a
LOAD zephyr/drivers/reset/libdrivers__reset.a
LOAD zephyr/drivers/sensor/sensirion/sht3xd/libdrivers__sensor__sensirion__sht3xd.a
LOAD zephyr/drivers/serial/libdrivers__serial.a
LOAD zephyr/drivers/timer/libdrivers__timer.a
LOAD modules/hal_stm32/stm32cube/lib..__modules__hal__stm32__stm32cube.a
LOAD zephyr/kernel/libkernel.a
LOAD zephyr/arch/common/libisr_tables.a
LOAD /home/jaga/zephyr-sdk-0.17.2/arm-zephyr-eabi/bin/../lib/gcc/../../picolibc/arm-zephyr-eabi/lib/thumb/v7e-m/nofp/libc.a
LOAD /home/jaga/zephyr-sdk-0.17.2/arm-zephyr-eabi/bin/../lib/gcc/arm-zephyr-eabi/12.2.0/thumb/v7e-m/nofp/libgcc.a
                0x0000000000000020                _region_min_align = 0x20

.rel.plt        0x0000000008000000        0x0
 *(SORT_BY_ALIGNMENT(.rel.plt))
                [!provide]                        PROVIDE (__rel_iplt_start = .)
 *(SORT_BY_ALIGNMENT(.rel.iplt))
 .rel.iplt      0x0000000008000000        0x0 app/libapp.a(main.c.obj)
                [!provide]                        PROVIDE (__rel_iplt_end = .)

.rela.plt       0x0000000000000000        0x0
 *(SORT_BY_ALIGNMENT(.rela.plt))
                [!provide]                        PROVIDE (__rela_iplt_start = .)
 *(SORT_BY_ALIGNMENT(.rela.iplt))
                [!provide]                        PROVIDE (__rela_iplt_end = .)

.rel.dyn
 *(SORT_BY_ALIGNMENT(.rel.*))

.rela.dyn
 *(SORT_BY_ALIGNMENT(.rela.*))

/DISCARD/
 *(SORT_BY_ALIGNMENT(.plt))

/DISCARD/
 *(SORT_BY_ALIGNMENT(.iplt))
                0x0000000008000000                __rom_region_start = 0x8000000

rom_start       0x0000000008000000      0x298
                0x0000000008000000                __rom_start_address = .
 FILL mask 0x00
                0x0000000008000000                . = (. + (0x0 - (. - __rom_start_address)))
                0x0000000008000000                . = ALIGN (0x4)
                0x0000000008000000                . = ALIGN (0x80)
                0x0000000008000000                . = ALIGN (0x400)
                0x0000000008000000                _vector_start = .
 *(SORT_BY_ALIGNMENT(.exc_vector_table))
 *(SORT_BY_ALIGNMENT(.exc_vector_table.*))
 .exc_vector_table._vector_table_section
                0x0000000008000000       0x40 zephyr/arch/arch/arm/core/cortex_m/libarch__arm__core__cortex_m.a(vector_table.S.obj)
                0x0000000008000000                _vector_table
 *(SORT_BY_ALIGNMENT(.vectors))
                0x0000000008000298                _vector_end = .
                0x0000000008000040                . = ALIGN (0x4)
 *(SORT_BY_ALIGNMENT(.gnu.linkonce.irq_vector_table*))
 .gnu.linkonce.irq_vector_table
                0x0000000008000040      0x258 zephyr/arch/common/libisr_tables.a(isr_tables.c.obj)
                0x0000000008000040                _irq_vector_table
                0x0000000008000298                _vector_end = .

text            0x0000000008000298    0x10778
                0x0000000008000298                __text_region_start = .
 *(SORT_BY_ALIGNMENT(.text))
 .text          0x0000000008000298      0x378 /home/jaga/zephyr-sdk-0.17.2/arm-zephyr-eabi/bin/../lib/gcc/arm-zephyr-eabi/12.2.0/thumb/v7e-m/nofp/libgcc.a(_arm_addsubdf3.o)
                0x0000000008000298                __aeabi_drsub
                0x00000000080002a0                __aeabi_dsub
                0x00000000080002a0                __subdf3
                0x00000000080002a4                __adddf3
                0x00000000080002a4                __aeabi_dadd
                0x000000000800051c                __aeabi_ui2d
                0x000000000800051c                __floatunsidf
                0x000000000800053c                __floatsidf
                0x000000000800053c                __aeabi_i2d
                0x0000000008000560                __extendsfdf2
                0x0000000008000560                __aeabi_f2d
                0x00000000080005a4                __aeabi_ul2d
                0x00000000080005a4                __floatundidf
                0x00000000080005b4                __floatdidf
                0x00000000080005b4                __aeabi_l2d
 .text          0x0000000008000610      0x424 /home/jaga/zephyr-sdk-0.17.2/arm-zephyr-eabi/bin/../lib/gcc/arm-zephyr-eabi/12.2.0/thumb/v7e-m/nofp/libgcc.a(_arm_muldivdf3.o)
                0x0000000008000610                __aeabi_dmul
                0x0000000008000610                __muldf3
                0x0000000008000864                __aeabi_ddiv
                0x0000000008000864                __divdf3
 .text          0x0000000008000a34       0xa0 /home/jaga/zephyr-sdk-0.17.2/arm-zephyr-eabi/bin/../lib/gcc/arm-zephyr-eabi/12.2.0/thumb/v7e-m/nofp/libgcc.a(_aeabi_ldivmod.o)
                0x0000000008000a34                __aeabi_ldivmod
 .text          0x0000000008000ad4       0x30 /home/jaga/zephyr-sdk-0.17.2/arm-zephyr-eabi/bin/../lib/gcc/arm-zephyr-eabi/12.2.0/thumb/v7e-m/nofp/libgcc.a(_aeabi_uldivmod.o)
                0x0000000008000ad4                __aeabi_uldivmod
 .text          0x0000000008000b04        0x4 /home/jaga/zephyr-sdk-0.17.2/arm-zephyr-eabi/bin/../lib/gcc/arm-zephyr-eabi/12.2.0/thumb/v7e-m/nofp/libgcc.a(_dvmd_tls.o)
                0x0000000008000b04                __aeabi_ldiv0
                0x0000000008000b04                __aeabi_idiv0
 .text          0x0000000008000b08       0x14 /home/jaga/zephyr-sdk-0.17.2/arm-zephyr-eabi/bin/../lib/gcc/../../picolibc/arm-zephyr-eabi/lib/thumb/v7e-m/nofp/libc.a(strcmp.S.o)
                0x0000000008000b08                strcmp
 .text          0x0000000008000b1c       0x10 /home/jaga/zephyr-sdk-0.17.2/arm-zephyr-eabi/bin/../lib/gcc/../../picolibc/arm-zephyr-eabi/lib/thumb/v7e-m/nofp/libc.a(strcpy.S.o)
                0x0000000008000b1c                strcpy
 .text          0x0000000008000b2c       0x10 /home/jaga/zephyr-sdk-0.17.2/arm-zephyr-eabi/bin/../lib/gcc/../../picolibc/arm-zephyr-eabi/lib/thumb/v7e-m/nofp/libc.a(strlen.S.o)
                0x0000000008000b2c                strlen
 .text          0x0000000008000b3c      0x2a0 /home/jaga/zephyr-sdk-0.17.2/arm-zephyr-eabi/bin/../lib/gcc/arm-zephyr-eabi/12.2.0/thumb/v7e-m/nofp/libgcc.a(_udivmoddi4.o)
                0x0000000008000b3c                __udivmoddi4
 *(SORT_BY_ALIGNMENT(.text.*))
 *fill*         0x0000000008000ddc        0x4 
 .text.sht3x_read
                0x0000000008000de0       0xbc app/libapp.a(main.c.obj)
 *fill*         0x0000000008000e9c        0x4 
 .text.cmd_kernel_uptime
                0x0000000008000ea0      0x164 zephyr/libzephyr.a(uptime.c.obj)
 .text.sht3x_init
                0x0000000008001004       0x30 app/libapp.a(main.c.obj)
 .text.cbvprintf_package
                0x0000000008001034      0x4c4 zephyr/libzephyr.a(cbprintf_packaged.c.obj)
                0x0000000008001034                cbvprintf_package
 .text.cbprintf_package_convert
                0x00000000080014f8      0x4e0 zephyr/libzephyr.a(cbprintf_packaged.c.obj)
                0x00000000080014f8                cbprintf_package_convert
 .text.__printk_hook_install
                0x00000000080019d8        0xc zephyr/libzephyr.a(printk.c.obj)
                0x00000000080019d8                __printk_hook_install
 .text.z_thread_entry
                0x00000000080019e4       0x34 zephyr/libzephyr.a(thread_entry.c.obj)
                0x00000000080019e4                z_thread_entry
 .text.st_stm32_common_config
                0x0000000008001a18       0x1c zephyr/libzephyr.a(soc_config.c.obj)
 .text.soc_early_init_hook
                0x0000000008001a34       0x48 zephyr/libzephyr.a(soc_m7.c.obj)
                0x0000000008001a34                soc_early_init_hook
 .text.log_backend_notify_all
                0x0000000008001a7c       0x30 zephyr/libzephyr.a(log_core.c.obj)
 .text.default_lf_get_timestamp
                0x0000000008001aac       0x48 zephyr/libzephyr.a(log_core.c.obj)
 .text.activate_foreach_backend
                0x0000000008001af4       0x64 zephyr/libzephyr.a(log_core.c.obj)
 .text.z_log_init
                0x0000000008001b58       0x94 zephyr/libzephyr.a(log_core.c.obj)
 .text.thread_set
                0x0000000008001bec       0x28 zephyr/libzephyr.a(log_core.c.obj)
 .text.log_process_thread_timer_expiry_fn
                0x0000000008001c14       0x10 zephyr/libzephyr.a(log_core.c.obj)
 .text.msg_process
                0x0000000008001c24       0x3c zephyr/libzephyr.a(log_core.c.obj)
 .text.enable_logger
                0x0000000008001c60       0x5c zephyr/libzephyr.a(log_core.c.obj)
 .text.log_set_timestamp_func
                0x0000000008001cbc       0x24 zephyr/libzephyr.a(log_core.c.obj)
                0x0000000008001cbc                log_set_timestamp_func
 .text.z_log_notify_backend_enabled
                0x0000000008001ce0       0x20 zephyr/libzephyr.a(log_core.c.obj)
                0x0000000008001ce0                z_log_notify_backend_enabled
 .text.z_log_dropped
                0x0000000008001d00       0x54 zephyr/libzephyr.a(log_core.c.obj)
                0x0000000008001d00                z_log_dropped
 .text.z_log_dropped_read_and_clear
                0x0000000008001d54       0x20 zephyr/libzephyr.a(log_core.c.obj)
                0x0000000008001d54                z_log_dropped_read_and_clear
 .text.dropped_notify
                0x0000000008001d74       0x38 zephyr/libzephyr.a(log_core.c.obj)
                0x0000000008001d74                dropped_notify
 .text.z_log_dropped_pending
                0x0000000008001dac       0x14 zephyr/libzephyr.a(log_core.c.obj)
                0x0000000008001dac                z_log_dropped_pending
 .text.z_log_msg_init
                0x0000000008001dc0       0x20 zephyr/libzephyr.a(log_core.c.obj)
                0x0000000008001dc0                z_log_msg_init
 .text.log_core_init
                0x0000000008001de0       0x54 zephyr/libzephyr.a(log_core.c.obj)
                0x0000000008001de0                log_core_init
 .text.z_log_msg_alloc
                0x0000000008001e34       0x10 zephyr/libzephyr.a(log_core.c.obj)
                0x0000000008001e34                z_log_msg_alloc
 .text.z_log_msg_local_claim
                0x0000000008001e44       0x10 zephyr/libzephyr.a(log_core.c.obj)
                0x0000000008001e44                z_log_msg_local_claim
 .text.z_log_msg_free
                0x0000000008001e54       0x14 zephyr/libzephyr.a(log_core.c.obj)
                0x0000000008001e54                z_log_msg_free
 .text.z_log_msg_pending
                0x0000000008001e68       0x10 zephyr/libzephyr.a(log_core.c.obj)
                0x0000000008001e68                z_log_msg_pending
 .text.z_impl_log_process
                0x0000000008001e78       0xd0 zephyr/libzephyr.a(log_core.c.obj)
                0x0000000008001e78                z_impl_log_process
 .text.z_impl_log_panic
                0x0000000008001f48       0x4c zephyr/libzephyr.a(log_core.c.obj)
                0x0000000008001f48                z_impl_log_panic
 .text.z_log_msg_post_finalize
                0x0000000008001f94       0x84 zephyr/libzephyr.a(log_core.c.obj)
 .text.z_log_msg_commit
                0x0000000008002018       0x20 zephyr/libzephyr.a(log_core.c.obj)
                0x0000000008002018                z_log_msg_commit
 .text.log_process_thread_func
                0x0000000008002038       0x78 zephyr/libzephyr.a(log_core.c.obj)
 .text.get_dynamic_filter
                0x00000000080020b0        0xc zephyr/libzephyr.a(log_mgmt.c.obj)
 .text.log_src_cnt_get
                0x00000000080020bc       0x14 zephyr/libzephyr.a(log_mgmt.c.obj)
                0x00000000080020bc                log_src_cnt_get
 .text.log_source_name_get
                0x00000000080020d0       0x1c zephyr/libzephyr.a(log_mgmt.c.obj)
                0x00000000080020d0                log_source_name_get
 .text.log_compiled_level_get
                0x00000000080020ec       0x20 zephyr/libzephyr.a(log_mgmt.c.obj)
                0x00000000080020ec                log_compiled_level_get
 .text.z_log_runtime_filters_init
                0x000000000800210c       0x40 zephyr/libzephyr.a(log_mgmt.c.obj)
                0x000000000800210c                z_log_runtime_filters_init
 .text.filter_set
                0x000000000800214c       0x70 zephyr/libzephyr.a(log_mgmt.c.obj)
                0x000000000800214c                filter_set
 .text.cbprintf_package_copy
                0x00000000080021bc       0x30 zephyr/libzephyr.a(log_msg.c.obj)
 .text.z_impl_z_log_msg_static_create
                0x00000000080021ec      0x184 zephyr/libzephyr.a(log_msg.c.obj)
                0x00000000080021ec                z_impl_z_log_msg_static_create
 .text.z_log_msg_runtime_vcreate
                0x0000000008002370       0xbc zephyr/libzephyr.a(log_msg.c.obj)
                0x0000000008002370                z_log_msg_runtime_vcreate
 .text.log_msg_get_source_id
                0x000000000800242c       0x18 zephyr/libzephyr.a(log_msg.c.obj)
                0x000000000800242c                log_msg_get_source_id
 .text.print_formatted
                0x0000000008002444       0x24 zephyr/libzephyr.a(log_output.c.obj)
 .text.timestamp_print
                0x0000000008002468       0x8c zephyr/libzephyr.a(log_output.c.obj)
 .text.color_print
                0x00000000080024f4       0x2c zephyr/libzephyr.a(log_output.c.obj)
 .text.ids_print
                0x0000000008002520       0x6c zephyr/libzephyr.a(log_output.c.obj)
 .text.prefix_print
                0x000000000800258c       0x88 zephyr/libzephyr.a(log_output.c.obj)
 .text.newline_print
                0x0000000008002614       0x28 zephyr/libzephyr.a(log_output.c.obj)
 .text.hexdump_line_print
                0x000000000800263c       0xc4 zephyr/libzephyr.a(log_output.c.obj)
 .text.log_output_process
                0x0000000008002700       0x88 zephyr/libzephyr.a(log_output.c.obj)
                0x0000000008002700                log_output_process
 .text.log_output_dropped_process
                0x0000000008002788       0x84 zephyr/libzephyr.a(log_output.c.obj)
                0x0000000008002788                log_output_dropped_process
 .text.log_output_timestamp_freq_set
                0x000000000800280c       0x2c zephyr/libzephyr.a(log_output.c.obj)
                0x000000000800280c                log_output_timestamp_freq_set
 .text.mem_attr_get_regions
                0x0000000008002838        0xc zephyr/libzephyr.a(mem_attr.c.obj)
                0x0000000008002838                mem_attr_get_regions
 .text.cmd_kernel_cycles
                0x0000000008002844       0x1c zephyr/libzephyr.a(cycles.c.obj)
 .text.cmd_kernel_sleep
                0x0000000008002860       0x38 zephyr/libzephyr.a(sleep.c.obj)
 .text.cmd_kernel_version
                0x0000000008002898       0x18 zephyr/libzephyr.a(version.c.obj)
 .text.cmd_kernel_log_level_set
                0x00000000080028b0       0x90 zephyr/libzephyr.a(log-level.c.obj)
 .text.z_thread_is_valid
                0x0000000008002940       0x24 zephyr/libzephyr.a(thread.c.obj)
                0x0000000008002940                z_thread_is_valid
 .text.cmd_kernel_thread_list
                0x0000000008002964       0x34 zephyr/libzephyr.a(list.c.obj)
 .text.shell_tdata_dump
                0x0000000008002998       0xc0 zephyr/libzephyr.a(list.c.obj)
 .text.cmd_kernel_thread_stacks
                0x0000000008002a58       0x90 zephyr/libzephyr.a(stacks.c.obj)
 .text.shell_stack_dump
                0x0000000008002ae8       0x60 zephyr/libzephyr.a(stacks.c.obj)
 .text.cmd_kernel_thread_suspend
                0x0000000008002b48       0x68 zephyr/libzephyr.a(suspend.c.obj)
 .text.cmd_kernel_thread_resume
                0x0000000008002bb0       0x68 zephyr/libzephyr.a(resume.c.obj)
 .text.cmd_kernel_thread_kill
                0x0000000008002c18       0x68 zephyr/libzephyr.a(kill.c.obj)
 .text.get_device_name
                0x0000000008002c80       0x20 zephyr/libzephyr.a(device_service.c.obj)
 .text.cmd_device_list
                0x0000000008002ca0       0xc4 zephyr/libzephyr.a(device_service.c.obj)
 .text.memory_read
                0x0000000008002d64       0x40 zephyr/libzephyr.a(devmem_service.c.obj)
 .text.memory_write
                0x0000000008002da4       0x38 zephyr/libzephyr.a(devmem_service.c.obj)
 .text.cmd_devmem
                0x0000000008002ddc       0x84 zephyr/libzephyr.a(devmem_service.c.obj)
 .text.set_bypass
                0x0000000008002e60       0x50 zephyr/libzephyr.a(devmem_service.c.obj)
 .text.cmd_load
                0x0000000008002eb0       0xc0 zephyr/libzephyr.a(devmem_service.c.obj)
 .text.bypass_cb
                0x0000000008002f70      0x164 zephyr/libzephyr.a(devmem_service.c.obj)
 .text.memory_dump
                0x00000000080030d4       0xd8 zephyr/libzephyr.a(devmem_service.c.obj)
 .text.cmd_dump
                0x00000000080031ac      0x114 zephyr/libzephyr.a(devmem_service.c.obj)
 .text.irq_init
                0x00000000080032c0       0x4c zephyr/libzephyr.a(shell_uart.c.obj)
 .text.uart_rx_handle
                0x000000000800330c       0xac zephyr/libzephyr.a(shell_uart.c.obj)
 .text.enable_shell_uart
                0x00000000080033b8       0x38 zephyr/libzephyr.a(shell_uart.c.obj)
 .text.state_set
                0x00000000080033f0       0x4c zephyr/libzephyr.a(shell.c.obj)
 .text.kill_handler
                0x000000000800343c       0x2c zephyr/libzephyr.a(shell.c.obj)
 .text.z_clear_eos
                0x0000000008003468       0x20 zephyr/libzephyr.a(shell.c.obj)
 .text.shell_internal_help_print
                0x0000000008003488       0x20 zephyr/libzephyr.a(shell.c.obj)
 .text.cmd_precheck
                0x00000000080034a8       0x28 zephyr/libzephyr.a(shell.c.obj)
 .text.exec_cmd
                0x00000000080034d0       0xc8 zephyr/libzephyr.a(shell.c.obj)
 .text.wildcard_check_report
                0x0000000008003598       0x30 zephyr/libzephyr.a(shell.c.obj)
 .text.execute  0x00000000080035c8      0x238 zephyr/libzephyr.a(shell.c.obj)
 .text.tab_prepare
                0x0000000008003800       0xb8 zephyr/libzephyr.a(shell.c.obj)
 .text.autocomplete
                0x00000000080038b8       0x98 zephyr/libzephyr.a(shell.c.obj)
 .text.tab_item_print
                0x0000000008003950       0x84 zephyr/libzephyr.a(shell.c.obj)
 .text.tab_options_print
                0x00000000080039d4       0x80 zephyr/libzephyr.a(shell.c.obj)
 .text.ctrl_metakeys_handle
                0x0000000008003a54       0xec zephyr/libzephyr.a(shell.c.obj)
 .text.state_collect
                0x0000000008003b40      0x27c zephyr/libzephyr.a(shell.c.obj)
 .text.shell_start
                0x0000000008003dbc       0x7c zephyr/libzephyr.a(shell.c.obj)
                0x0000000008003dbc                shell_start
 .text.shell_thread
                0x0000000008003e38       0xcc zephyr/libzephyr.a(shell.c.obj)
                0x0000000008003e38                shell_thread
 .text.cmd_help
                0x0000000008003f04       0x44 zephyr/libzephyr.a(shell.c.obj)
 .text.shell_hexdump_line
                0x0000000008003f48       0xbc zephyr/libzephyr.a(shell.c.obj)
                0x0000000008003f48                shell_hexdump_line
 .text.instance_init
                0x0000000008004004       0xa8 zephyr/libzephyr.a(shell.c.obj)
 .text.shell_init
                0x00000000080040ac       0x60 zephyr/libzephyr.a(shell.c.obj)
                0x00000000080040ac                shell_init
 .text.z_shell_fprintf_fmt
                0x000000000800410c       0x24 zephyr/libzephyr.a(shell_fprintf.c.obj)
                0x000000000800410c                z_shell_fprintf_fmt
 .text.buffer_trim
                0x0000000008004130       0x5c zephyr/libzephyr.a(shell_utils.c.obj)
 .text.make_argv
                0x000000000800418c      0x194 zephyr/libzephyr.a(shell_utils.c.obj)
 .text.z_shell_make_argv
                0x0000000008004320       0x4c zephyr/libzephyr.a(shell_utils.c.obj)
                0x0000000008004320                z_shell_make_argv
 .text.z_shell_cmd_get
                0x000000000800436c       0x7c zephyr/libzephyr.a(shell_utils.c.obj)
                0x000000000800436c                z_shell_cmd_get
 .text.z_shell_spaces_trim
                0x00000000080043e8       0x78 zephyr/libzephyr.a(shell_utils.c.obj)
                0x00000000080043e8                z_shell_spaces_trim
 .text.shell_strtoul
                0x0000000008004460       0x5c zephyr/libzephyr.a(shell_utils.c.obj)
                0x0000000008004460                shell_strtoul
 .text.shift_calc
                0x00000000080044bc       0x54 zephyr/libzephyr.a(shell_ops.c.obj)
 .text.z_cursor_save
                0x0000000008004510       0x20 zephyr/libzephyr.a(shell_ops.c.obj)
 .text.z_clear_eos
                0x0000000008004530       0x20 zephyr/libzephyr.a(shell_ops.c.obj)
 .text.z_cursor_restore
                0x0000000008004550       0x20 zephyr/libzephyr.a(shell_ops.c.obj)
 .text.vt100_bgcolor_set
                0x0000000008004570       0x38 zephyr/libzephyr.a(shell_ops.c.obj)
 .text.z_shell_op_cursor_vert_move
                0x00000000080045a8       0x34 zephyr/libzephyr.a(shell_ops.c.obj)
                0x00000000080045a8                z_shell_op_cursor_vert_move
 .text.z_shell_op_cursor_horiz_move
                0x00000000080045dc       0x34 zephyr/libzephyr.a(shell_ops.c.obj)
                0x00000000080045dc                z_shell_op_cursor_horiz_move
 .text.char_replace
                0x0000000008004610       0x54 zephyr/libzephyr.a(shell_ops.c.obj)
 .text.z_shell_op_cond_next_line
                0x0000000008004664       0x20 zephyr/libzephyr.a(shell_ops.c.obj)
                0x0000000008004664                z_shell_op_cond_next_line
 .text.z_shell_op_cursor_position_synchronize
                0x0000000008004684       0x5c zephyr/libzephyr.a(shell_ops.c.obj)
                0x0000000008004684                z_shell_op_cursor_position_synchronize
 .text.z_shell_print_cmd
                0x00000000080046e0       0x80 zephyr/libzephyr.a(shell_ops.c.obj)
                0x00000000080046e0                z_shell_print_cmd
 .text.z_shell_vt100_color_set
                0x0000000008004760       0x54 zephyr/libzephyr.a(shell_ops.c.obj)
                0x0000000008004760                z_shell_vt100_color_set
 .text.z_shell_op_word_remove
                0x00000000080047b4       0xa0 zephyr/libzephyr.a(shell_ops.c.obj)
                0x00000000080047b4                z_shell_op_word_remove
 .text.reprint_from_cursor
                0x0000000008004854      0x108 zephyr/libzephyr.a(shell_ops.c.obj)
 .text.print_prompt
                0x000000000800495c       0x14 zephyr/libzephyr.a(shell_ops.c.obj)
 .text.formatted_text_print
                0x0000000008004970      0x100 zephyr/libzephyr.a(shell_help.c.obj)
 .text.formatted_structured_help_print
                0x0000000008004a70       0x40 zephyr/libzephyr.a(shell_help.c.obj)
 .text.help_item_print
                0x0000000008004ab0       0x80 zephyr/libzephyr.a(shell_help.c.obj)
 .text.z_shell_help_cmd_print
                0x0000000008004b30       0x68 zephyr/libzephyr.a(shell_help.c.obj)
                0x0000000008004b30                z_shell_help_cmd_print
 .text.z_shell_help_request
                0x0000000008004b98       0x2c zephyr/libzephyr.a(shell_help.c.obj)
                0x0000000008004b98                z_shell_help_request
 .text.cmd_clear
                0x0000000008004bc4       0x3c zephyr/libzephyr.a(shell_cmds.c.obj)
 .text.z_cursor_save
                0x0000000008004c00       0x20 zephyr/libzephyr.a(shell_cmds.c.obj)
 .text.z_cursor_restore
                0x0000000008004c20       0x20 zephyr/libzephyr.a(shell_cmds.c.obj)
 .text.cmd_resize_default
                0x0000000008004c40       0x30 zephyr/libzephyr.a(shell_cmds.c.obj)
 .text.cmd_shell_stats_show
                0x0000000008004c70       0x14 zephyr/libzephyr.a(shell_cmds.c.obj)
 .text.cmd_backends
                0x0000000008004c84       0x44 zephyr/libzephyr.a(shell_cmds.c.obj)
 .text.cmd_echo
                0x0000000008004cc8       0x50 zephyr/libzephyr.a(shell_cmds.c.obj)
 .text.cmd_prompt_off
                0x0000000008004d18       0x10 zephyr/libzephyr.a(shell_cmds.c.obj)
 .text.cmd_history
                0x0000000008004d28       0x48 zephyr/libzephyr.a(shell_cmds.c.obj)
 .text.cursor_position_get
                0x0000000008004d70      0x14c zephyr/libzephyr.a(shell_cmds.c.obj)
 .text.cmd_resize
                0x0000000008004ebc       0x50 zephyr/libzephyr.a(shell_cmds.c.obj)
 .text.cmd_get_retval
                0x0000000008004f0c       0x1c zephyr/libzephyr.a(shell_cmds.c.obj)
 .text.commands_expand
                0x0000000008004f28       0x90 zephyr/libzephyr.a(shell_wildcard.c.obj)
 .text.esf_dump
                0x0000000008004fb8      0x1e0 zephyr/arch/arch/arm/core/libarch__arm__core.a(fatal.c.obj)
 .text.z_arm_fatal_error
                0x0000000008005198       0x40 zephyr/arch/arch/arm/core/libarch__arm__core.a(fatal.c.obj)
                0x0000000008005198                z_arm_fatal_error
 .text.z_SysNmiOnReset
                0x00000000080051d8        0x8 zephyr/arch/arch/arm/core/libarch__arm__core.a(nmi_on_reset.S.obj)
                0x00000000080051d8                z_SysNmiOnReset
 .text.z_tls_copy
                0x00000000080051e0       0x28 zephyr/arch/arch/arm/core/libarch__arm__core.a(tls.c.obj)
 .text.arch_tls_stack_setup
                0x0000000008005208       0x28 zephyr/arch/arch/arm/core/libarch__arm__core.a(tls.c.obj)
                0x0000000008005208                arch_tls_stack_setup
 .text._HandlerModeExit
                0x0000000008005230       0x20 zephyr/arch/arch/arm/core/cortex_m/libarch__arm__core__cortex_m.a(exc_exit.c.obj)
                0x0000000008005230                z_arm_exc_exit
                0x0000000008005230                z_arm_int_exit
 .text.z_arm_is_synchronous_svc
                0x0000000008005250       0x3c zephyr/arch/arch/arm/core/cortex_m/libarch__arm__core__cortex_m.a(fault.c.obj)
 .text.get_esf  0x000000000800528c       0x54 zephyr/arch/arch/arm/core/cortex_m/libarch__arm__core__cortex_m.a(fault.c.obj)
 .text.usage_fault
                0x00000000080052e0      0x128 zephyr/arch/arch/arm/core/cortex_m/libarch__arm__core__cortex_m.a(fault.c.obj)
 .text.debug_monitor
                0x0000000008005408       0x28 zephyr/arch/arch/arm/core/cortex_m/libarch__arm__core__cortex_m.a(fault.c.obj)
 .text.reserved_exception
                0x0000000008005430      0x108 zephyr/arch/arch/arm/core/cortex_m/libarch__arm__core__cortex_m.a(fault.c.obj)
 .text.bus_fault
                0x0000000008005538      0x174 zephyr/arch/arch/arm/core/cortex_m/libarch__arm__core__cortex_m.a(fault.c.obj)
 .text.mem_manage_fault
                0x00000000080056ac      0x1a0 zephyr/arch/arch/arm/core/cortex_m/libarch__arm__core__cortex_m.a(fault.c.obj)
 .text.hard_fault
                0x000000000800584c      0x104 zephyr/arch/arch/arm/core/cortex_m/libarch__arm__core__cortex_m.a(fault.c.obj)
 .text.z_arm_fault
                0x0000000008005950       0x84 zephyr/arch/arch/arm/core/cortex_m/libarch__arm__core__cortex_m.a(fault.c.obj)
                0x0000000008005950                z_arm_fault
 .text.z_arm_fault_init
                0x00000000080059d4       0x18 zephyr/arch/arch/arm/core/cortex_m/libarch__arm__core__cortex_m.a(fault.c.obj)
                0x00000000080059d4                z_arm_fault_init
 .text.__fault  0x00000000080059ec       0x14 zephyr/arch/arch/arm/core/cortex_m/libarch__arm__core__cortex_m.a(fault_s.S.obj)
                0x00000000080059ec                z_arm_bus_fault
                0x00000000080059ec                z_arm_usage_fault
                0x00000000080059ec                z_arm_mpu_fault
                0x00000000080059ec                z_arm_exc_spurious
                0x00000000080059ec                z_arm_debug_monitor
                0x00000000080059ec                z_arm_hard_fault
 .text._reset_section
                0x0000000008005a00       0x44 zephyr/arch/arch/arm/core/cortex_m/libarch__arm__core__cortex_m.a(reset.S.obj)
                0x0000000008005a00                z_arm_reset
                0x0000000008005a00                __start
 .text.z_impl_k_thread_abort
                0x0000000008005a44       0x34 zephyr/arch/arch/arm/core/cortex_m/libarch__arm__core__cortex_m.a(thread_abort.c.obj)
                0x0000000008005a44                z_impl_k_thread_abort
 .text.z_arm_pendsv
                0x0000000008005a78       0x64 zephyr/arch/arch/arm/core/cortex_m/libarch__arm__core__cortex_m.a(swap_helper.S.obj)
                0x0000000008005a78                z_arm_pendsv
 .text.z_arm_svc
                0x0000000008005adc       0x24 zephyr/arch/arch/arm/core/cortex_m/libarch__arm__core__cortex_m.a(swap_helper.S.obj)
                0x0000000008005adc                z_arm_svc
 .text.__NVIC_EnableIRQ
                0x0000000008005b00       0x1c zephyr/arch/arch/arm/core/cortex_m/libarch__arm__core__cortex_m.a(irq_manage.c.obj)
 .text.__NVIC_SetPriority
                0x0000000008005b1c       0x24 zephyr/arch/arch/arm/core/cortex_m/libarch__arm__core__cortex_m.a(irq_manage.c.obj)
 .text.relocate_vector_table
                0x0000000008005b40       0x1c zephyr/arch/arch/arm/core/cortex_m/libarch__arm__core__cortex_m.a(prep_c.c.obj)
                0x0000000008005b40                relocate_vector_table
 .text.z_prep_c
                0x0000000008005b5c       0x38 zephyr/arch/arch/arm/core/cortex_m/libarch__arm__core__cortex_m.a(prep_c.c.obj)
                0x0000000008005b5c                z_prep_c
 .text.arch_new_thread
                0x0000000008005b94       0x44 zephyr/arch/arch/arm/core/cortex_m/libarch__arm__core__cortex_m.a(thread.c.obj)
                0x0000000008005b94                arch_new_thread
 .text.z_check_thread_stack_fail
                0x0000000008005bd8       0x48 zephyr/arch/arch/arm/core/cortex_m/libarch__arm__core__cortex_m.a(thread.c.obj)
                0x0000000008005bd8                z_check_thread_stack_fail
 .text.arch_switch_to_main_thread
                0x0000000008005c20       0x40 zephyr/arch/arch/arm/core/cortex_m/libarch__arm__core__cortex_m.a(thread.c.obj)
                0x0000000008005c20                arch_switch_to_main_thread
 .text.z_arm_cpu_idle_init
                0x0000000008005c60        0xc zephyr/arch/arch/arm/core/cortex_m/libarch__arm__core__cortex_m.a(cpu_idle.c.obj)
                0x0000000008005c60                z_arm_cpu_idle_init
 .text.z_arm_interrupt_init
                0x0000000008005c6c       0x34 zephyr/arch/arch/arm/core/cortex_m/libarch__arm__core__cortex_m.a(irq_init.c.obj)
                0x0000000008005c6c                z_arm_interrupt_init
 .text._isr_wrapper
                0x0000000008005ca0       0x20 zephyr/arch/arch/arm/core/cortex_m/libarch__arm__core__cortex_m.a(isr_wrapper.c.obj)
                0x0000000008005ca0                _isr_wrapper
 .text.z_arm_configure_static_mpu_regions
                0x0000000008005cc0       0x1c zephyr/arch/arch/arm/core/mpu/libarch__arm__core__mpu.a(arm_core_mpu.c.obj)
                0x0000000008005cc0                z_arm_configure_static_mpu_regions
 .text.z_arm_configure_dynamic_mpu_regions
                0x0000000008005cdc       0x24 zephyr/arch/arch/arm/core/mpu/libarch__arm__core__mpu.a(arm_core_mpu.c.obj)
                0x0000000008005cdc                z_arm_configure_dynamic_mpu_regions
 .text.region_init
                0x0000000008005d00       0x28 zephyr/arch/arch/arm/core/mpu/libarch__arm__core__mpu.a(arm_mpu.c.obj)
 .text.region_allocate_and_init
                0x0000000008005d28       0x48 zephyr/arch/arch/arm/core/mpu/libarch__arm__core__mpu.a(arm_mpu.c.obj)
 .text.mpu_configure_regions
                0x0000000008005d70       0x70 zephyr/arch/arch/arm/core/mpu/libarch__arm__core__mpu.a(arm_mpu.c.obj)
 .text.mpu_configure_static_mpu_regions
                0x0000000008005de0       0x14 zephyr/arch/arch/arm/core/mpu/libarch__arm__core__mpu.a(arm_mpu.c.obj)
 .text.mpu_configure_dynamic_mpu_regions
                0x0000000008005df4       0x3c zephyr/arch/arch/arm/core/mpu/libarch__arm__core__mpu.a(arm_mpu.c.obj)
 .text.mpu_configure_regions_from_dt
                0x0000000008005e30      0x1c4 zephyr/arch/arch/arm/core/mpu/libarch__arm__core__mpu.a(arm_mpu.c.obj)
 .text.arm_core_mpu_enable
                0x0000000008005ff4       0x18 zephyr/arch/arch/arm/core/mpu/libarch__arm__core__mpu.a(arm_mpu.c.obj)
                0x0000000008005ff4                arm_core_mpu_enable
 .text.arm_core_mpu_disable
                0x000000000800600c       0x14 zephyr/arch/arch/arm/core/mpu/libarch__arm__core__mpu.a(arm_mpu.c.obj)
                0x000000000800600c                arm_core_mpu_disable
 .text.z_arm_mpu_init
                0x0000000008006020       0x80 zephyr/arch/arch/arm/core/mpu/libarch__arm__core__mpu.a(arm_mpu.c.obj)
                0x0000000008006020                z_arm_mpu_init
 .text.cbvprintf
                0x00000000080060a0       0x34 zephyr/lib/libc/picolibc/liblib__libc__picolibc.a(cbprintf.c.obj)
                0x00000000080060a0                cbvprintf
 .text.z_impl_zephyr_fputc
                0x00000000080060d4       0x10 zephyr/lib/libc/picolibc/liblib__libc__picolibc.a(stdio.c.obj)
                0x00000000080060d4                z_impl_zephyr_fputc
 .text.__stdout_hook_install
                0x00000000080060e4       0x18 zephyr/lib/libc/picolibc/liblib__libc__picolibc.a(stdio.c.obj)
                0x00000000080060e4                __stdout_hook_install
 .text.malloc_prepare
                0x00000000080060fc       0x24 zephyr/lib/libc/common/liblib__libc__common.a(malloc.c.obj)
 .text.foldcase
                0x0000000008006120       0x24 zephyr/lib/posix/options/liblib__posix__options.a(fnmatch.c.obj)
 .text.getopt_init
                0x0000000008006144       0x48 zephyr/lib/posix/options/liblib__posix__options.a(getopt.c.obj)
                0x0000000008006144                getopt_init
 .text.getopt   0x000000000800618c      0x130 zephyr/lib/posix/options/liblib__posix__options.a(getopt.c.obj)
                0x000000000800618c                getopt
 .text.z_getopt_global_state_update
                0x00000000080062bc       0x34 zephyr/lib/posix/options/liblib__posix__options.a(getopt_common.c.obj)
                0x00000000080062bc                z_getopt_global_state_update
 .text.getopt_state_get
                0x00000000080062f0        0x8 zephyr/lib/posix/options/liblib__posix__options.a(getopt_common.c.obj)
                0x00000000080062f0                getopt_state_get
 .text.stm32_exti_isr
                0x00000000080062f8       0x4c zephyr/drivers/interrupt_controller/libdrivers__interrupt_controller.a(intc_exti_stm32.c.obj)
 .text.stm32_exti_enable_registers
                0x0000000008006344       0x3c zephyr/drivers/interrupt_controller/libdrivers__interrupt_controller.a(intc_exti_stm32.c.obj)
 .text.stm32_fill_irq_table
                0x0000000008006380       0x24 zephyr/drivers/interrupt_controller/libdrivers__interrupt_controller.a(intc_exti_stm32.c.obj)
 .text.LL_SYSCFG_SetEXTISource
                0x00000000080063a4       0x3c zephyr/drivers/interrupt_controller/libdrivers__interrupt_controller.a(intc_exti_stm32.c.obj)
 .text.LL_SYSCFG_GetEXTISource
                0x00000000080063e0       0x2c zephyr/drivers/interrupt_controller/libdrivers__interrupt_controller.a(intc_exti_stm32.c.obj)
 .text.stm32_gpio_intc_enable_line
                0x000000000800640c       0x34 zephyr/drivers/interrupt_controller/libdrivers__interrupt_controller.a(intc_exti_stm32.c.obj)
                0x000000000800640c                stm32_gpio_intc_enable_line
 .text.stm32_gpio_intc_set_irq_callback
                0x0000000008006440       0x4c zephyr/drivers/interrupt_controller/libdrivers__interrupt_controller.a(intc_exti_stm32.c.obj)
                0x0000000008006440                stm32_gpio_intc_set_irq_callback
 .text.stm32_gpio_intc_remove_irq_callback
                0x000000000800648c       0x24 zephyr/drivers/interrupt_controller/libdrivers__interrupt_controller.a(intc_exti_stm32.c.obj)
                0x000000000800648c                stm32_gpio_intc_remove_irq_callback
 .text.get_pllsrc_frequency
                0x00000000080064b0        0x8 zephyr/drivers/clock_control/libdrivers__clock_control.a(clock_stm32_ll_h7.c.obj)
 .text.get_hclk_frequency
                0x00000000080064b8       0x38 zephyr/drivers/clock_control/libdrivers__clock_control.a(clock_stm32_ll_h7.c.obj)
 .text.prepare_regulator_voltage_scale
                0x00000000080064f0       0x24 zephyr/drivers/clock_control/libdrivers__clock_control.a(clock_stm32_ll_h7.c.obj)
 .text.optimize_regulator_voltage_scale
                0x0000000008006514       0x24 zephyr/drivers/clock_control/libdrivers__clock_control.a(clock_stm32_ll_h7.c.obj)
 .text.get_vco_input_range
                0x0000000008006538       0x78 zephyr/drivers/clock_control/libdrivers__clock_control.a(clock_stm32_ll_h7.c.obj)
 .text.stm32_clock_control_on
                0x00000000080065b0       0x40 zephyr/drivers/clock_control/libdrivers__clock_control.a(clock_stm32_ll_h7.c.obj)
 .text.stm32_clock_control_off
                0x00000000080065f0       0x2c zephyr/drivers/clock_control/libdrivers__clock_control.a(clock_stm32_ll_h7.c.obj)
 .text.stm32_clock_control_get_subsys_rate
                0x000000000800661c      0x17c zephyr/drivers/clock_control/libdrivers__clock_control.a(clock_stm32_ll_h7.c.obj)
 .text.set_up_fixed_clock_sources
                0x0000000008006798       0x68 zephyr/drivers/clock_control/libdrivers__clock_control.a(clock_stm32_ll_h7.c.obj)
 .text.stm32_clock_switch_to_hsi
                0x0000000008006800       0x44 zephyr/drivers/clock_control/libdrivers__clock_control.a(clock_stm32_ll_h7.c.obj)
 .text.set_up_plls
                0x0000000008006844      0x1a4 zephyr/drivers/clock_control/libdrivers__clock_control.a(clock_stm32_ll_h7.c.obj)
 .text.stm32_clock_control_init
                0x00000000080069e8       0xd0 zephyr/drivers/clock_control/libdrivers__clock_control.a(clock_stm32_ll_h7.c.obj)
                0x00000000080069e8                stm32_clock_control_init
 .text.stm32_clock_control_configure
                0x0000000008006ab8       0x4c zephyr/drivers/clock_control/libdrivers__clock_control.a(clock_stm32_ll_h7.c.obj)
 .text.console_out
                0x0000000008006b04       0x28 zephyr/drivers/console/libdrivers__console.a(uart_console.c.obj)
 .text.uart_console_hook_install
                0x0000000008006b2c       0x18 zephyr/drivers/console/libdrivers__console.a(uart_console.c.obj)
 .text.uart_console_init
                0x0000000008006b44       0x1c zephyr/drivers/console/libdrivers__console.a(uart_console.c.obj)
 .text.gpio_stm32_clock_request
                0x0000000008006b60       0x3c zephyr/drivers/gpio/libdrivers__gpio.a(gpio_stm32.c.obj)
 .text.gpio_stm32_pin_interrupt_configure
                0x0000000008006b9c       0x94 zephyr/drivers/gpio/libdrivers__gpio.a(gpio_stm32.c.obj)
 .text.gpio_stm32_init
                0x0000000008006c30       0x28 zephyr/drivers/gpio/libdrivers__gpio.a(gpio_stm32.c.obj)
 .text.gpio_hogs_init
                0x0000000008006c58      0x250 zephyr/drivers/gpio/libdrivers__gpio.a(gpio_hogs.c.obj)
 .text.device_is_i2c
                0x0000000008006ea8       0x24 zephyr/drivers/i2c/libdrivers__i2c.a(i2c_shell.c.obj)
 .text.device_name_get
                0x0000000008006ecc       0x20 zephyr/drivers/i2c/libdrivers__i2c.a(i2c_shell.c.obj)
 .text.cmd_i2c_recover
                0x0000000008006eec       0x40 zephyr/drivers/i2c/libdrivers__i2c.a(i2c_shell.c.obj)
 .text.cmd_i2c_speed
                0x0000000008006f2c       0x8c zephyr/drivers/i2c/libdrivers__i2c.a(i2c_shell.c.obj)
 .text.i2c_write_from_buffer
                0x0000000008006fb8       0xe0 zephyr/drivers/i2c/libdrivers__i2c.a(i2c_shell.c.obj)
 .text.i2c_read_to_buffer
                0x0000000008007098       0xb0 zephyr/drivers/i2c/libdrivers__i2c.a(i2c_shell.c.obj)
 .text.cmd_i2c_read_byte
                0x0000000008007148       0x38 zephyr/drivers/i2c/libdrivers__i2c.a(i2c_shell.c.obj)
 .text.cmd_i2c_scan
                0x0000000008007180       0xe8 zephyr/drivers/i2c/libdrivers__i2c.a(i2c_shell.c.obj)
 .text.i2c_stm32_get_config
                0x0000000008007268       0x38 zephyr/drivers/i2c/libdrivers__i2c.a(i2c_ll_stm32.c.obj)
                0x0000000008007268                i2c_stm32_get_config
 .text.i2c_map_dt_bitrate
                0x00000000080072a0       0x6c zephyr/drivers/i2c/libdrivers__i2c.a(i2c_ll_stm32.c.obj)
 .text.i2c_stm32_set_smbus_mode
                0x000000000800730c      0x10c zephyr/drivers/i2c/libdrivers__i2c.a(i2c_ll_stm32.c.obj)
                0x000000000800730c                i2c_stm32_set_smbus_mode
 .text.i2c_stm32_runtime_configure
                0x0000000008007418       0x98 zephyr/drivers/i2c/libdrivers__i2c.a(i2c_ll_stm32.c.obj)
                0x0000000008007418                i2c_stm32_runtime_configure
 .text.i2c_stm32_init
                0x00000000080074b0       0xa0 zephyr/drivers/i2c/libdrivers__i2c.a(i2c_ll_stm32.c.obj)
 .text.i2c_stm32_activate
                0x0000000008007550       0x6c zephyr/drivers/i2c/libdrivers__i2c.a(i2c_ll_stm32_common.c.obj)
                0x0000000008007550                i2c_stm32_activate
 .text.msg_init
                0x00000000080075bc       0xb0 zephyr/drivers/i2c/libdrivers__i2c.a(i2c_ll_stm32_v2.c.obj)
 .text.i2c_map_dt_bitrate
                0x000000000800766c       0x6c zephyr/drivers/i2c/libdrivers__i2c.a(i2c_ll_stm32_v2.c.obj)
 .text.i2c_stm32_configure_timing
                0x00000000080076d8      0x140 zephyr/drivers/i2c/libdrivers__i2c.a(i2c_ll_stm32_v2.c.obj)
                0x00000000080076d8                i2c_stm32_configure_timing
 .text.stm32_pin_configure
                0x0000000008007818       0x40 zephyr/drivers/pinctrl/libdrivers__pinctrl.a(pinctrl_stm32.c.obj)
 .text.sht3xd_channel_get
                0x0000000008007858      0x11c zephyr/drivers/sensor/sensirion/sht3xd/libdrivers__sensor__sensirion__sht3xd.a(sht3xd.c.obj)
 .text.sht3xd_init
                0x0000000008007974      0x12c zephyr/drivers/sensor/sensirion/sht3xd/libdrivers__sensor__sensirion__sht3xd.a(sht3xd.c.obj)
 .text.uart_stm32_poll_in
                0x0000000008007aa0       0x10 zephyr/drivers/serial/libdrivers__serial.a(uart_stm32.c.obj)
 .text.uart_stm32_poll_out
                0x0000000008007ab0       0x10 zephyr/drivers/serial/libdrivers__serial.a(uart_stm32.c.obj)
 .text.uart_stm32_fifo_fill
                0x0000000008007ac0       0x38 zephyr/drivers/serial/libdrivers__serial.a(uart_stm32.c.obj)
 .text.uart_stm32_fifo_read
                0x0000000008007af8       0x38 zephyr/drivers/serial/libdrivers__serial.a(uart_stm32.c.obj)
 .text.uart_stm32_irq_err_enable
                0x0000000008007b30       0x94 zephyr/drivers/serial/libdrivers__serial.a(uart_stm32.c.obj)
 .text.uart_stm32_irq_err_disable
                0x0000000008007bc4       0x94 zephyr/drivers/serial/libdrivers__serial.a(uart_stm32.c.obj)
 .text.uart_stm32_set_baudrate
                0x0000000008007c58       0x58 zephyr/drivers/serial/libdrivers__serial.a(uart_stm32.c.obj)
 .text.uart_stm32_parameters_set
                0x0000000008007cb0      0x160 zephyr/drivers/serial/libdrivers__serial.a(uart_stm32.c.obj)
 .text.uart_stm32_configure
                0x0000000008007e10      0x1c4 zephyr/drivers/serial/libdrivers__serial.a(uart_stm32.c.obj)
 .text.uart_stm32_clocks_enable
                0x0000000008007fd4       0x6c zephyr/drivers/serial/libdrivers__serial.a(uart_stm32.c.obj)
 .text.uart_stm32_registers_configure
                0x0000000008008040      0x244 zephyr/drivers/serial/libdrivers__serial.a(uart_stm32.c.obj)
 .text.elapsed  0x0000000008008284       0x48 zephyr/drivers/timer/libdrivers__timer.a(cortex_m_systick.c.obj)
 .text.sys_clock_driver_init
                0x00000000080082cc       0x38 zephyr/drivers/timer/libdrivers__timer.a(cortex_m_systick.c.obj)
 .text.sys_clock_isr
                0x0000000008008304       0x68 zephyr/drivers/timer/libdrivers__timer.a(cortex_m_systick.c.obj)
                0x0000000008008304                sys_clock_isr
 .text.sys_clock_set_timeout
                0x000000000800836c      0x124 zephyr/drivers/timer/libdrivers__timer.a(cortex_m_systick.c.obj)
                0x000000000800836c                sys_clock_set_timeout
 .text.sys_clock_elapsed
                0x0000000008008490       0x40 zephyr/drivers/timer/libdrivers__timer.a(cortex_m_systick.c.obj)
                0x0000000008008490                sys_clock_elapsed
 .text.sys_clock_cycle_get_32
                0x00000000080084d0       0x28 zephyr/drivers/timer/libdrivers__timer.a(cortex_m_systick.c.obj)
                0x00000000080084d0                sys_clock_cycle_get_32
 .text.LL_SetFlashLatency
                0x00000000080084f8      0x13c modules/hal_stm32/stm32cube/lib..__modules__hal__stm32__stm32cube.a(stm32h7xx_ll_utils.c.obj)
                0x00000000080084f8                LL_SetFlashLatency
 .text.z_device_state_init
                0x0000000008008634       0x18 zephyr/kernel/libkernel.a(device.c.obj)
                0x0000000008008634                z_device_state_init
 .text.z_device_get_all_static
                0x000000000800864c       0x20 zephyr/kernel/libkernel.a(device.c.obj)
                0x000000000800864c                z_device_get_all_static
 .text.z_impl_device_get_binding
                0x000000000800866c       0x48 zephyr/kernel/libkernel.a(device.c.obj)
                0x000000000800866c                z_impl_device_get_binding
 .text.z_impl_device_get_by_dt_nodelabel
                0x00000000080086b4       0x5c zephyr/kernel/libkernel.a(device.c.obj)
                0x00000000080086b4                z_impl_device_get_by_dt_nodelabel
 .text.reason_to_str
                0x0000000008008710       0x40 zephyr/kernel/libkernel.a(fatal.c.obj)
 .text.thread_name_get
                0x0000000008008750       0x20 zephyr/kernel/libkernel.a(fatal.c.obj)
 .text.k_sys_fatal_error_handler
                0x0000000008008770       0x2c zephyr/kernel/libkernel.a(fatal.c.obj)
                0x0000000008008770                k_sys_fatal_error_handler
 .text.z_fatal_error
                0x000000000800879c      0x258 zephyr/kernel/libkernel.a(fatal.c.obj)
                0x000000000800879c                z_fatal_error
 .text.z_sys_init_run_level
                0x00000000080089f4       0x38 zephyr/kernel/libkernel.a(init.c.obj)
 .text.init_idle_thread
                0x0000000008008a2c       0x60 zephyr/kernel/libkernel.a(init.c.obj)
 .text.thread_schedule_new
                0x0000000008008a8c       0x1c zephyr/kernel/libkernel.a(init.c.obj)
 .text.z_init_static_threads
                0x0000000008008aa8       0x70 zephyr/kernel/libkernel.a(init.c.obj)
 .text.bg_thread_main
                0x0000000008008b18       0x34 zephyr/kernel/libkernel.a(init.c.obj)
 .text.switch_to_main_thread
                0x0000000008008b4c       0x14 zephyr/kernel/libkernel.a(init.c.obj)
 .text.z_bss_zero
                0x0000000008008b60       0x2c zephyr/kernel/libkernel.a(init.c.obj)
                0x0000000008008b60                z_bss_zero
 .text.z_init_cpu
                0x0000000008008b8c       0x44 zephyr/kernel/libkernel.a(init.c.obj)
                0x0000000008008b8c                z_init_cpu
 .text.prepare_multithreading
                0x0000000008008bd0       0x60 zephyr/kernel/libkernel.a(init.c.obj)
 .text.z_cstart
                0x0000000008008c30       0x78 zephyr/kernel/libkernel.a(init.c.obj)
                0x0000000008008c30                z_cstart
 .text.z_impl_k_mutex_lock
                0x0000000008008ca8      0x100 zephyr/kernel/libkernel.a(mutex.c.obj)
                0x0000000008008ca8                z_impl_k_mutex_lock
 .text.z_impl_k_mutex_unlock
                0x0000000008008da8       0xac zephyr/kernel/libkernel.a(mutex.c.obj)
                0x0000000008008da8                z_impl_k_mutex_unlock
 .text.z_impl_k_sem_give
                0x0000000008008e54       0x90 zephyr/kernel/libkernel.a(sem.c.obj)
                0x0000000008008e54                z_impl_k_sem_give
 .text.z_impl_k_sem_take
                0x0000000008008ee4       0x50 zephyr/kernel/libkernel.a(sem.c.obj)
                0x0000000008008ee4                z_impl_k_sem_take
 .text.thread_schedule_new
                0x0000000008008f34       0x1c zephyr/kernel/libkernel.a(thread.c.obj)
 .text.z_impl_k_thread_name_set
                0x0000000008008f50       0x24 zephyr/kernel/libkernel.a(thread.c.obj)
                0x0000000008008f50                z_impl_k_thread_name_set
 .text.k_thread_state_str
                0x0000000008008f74       0x78 zephyr/kernel/libkernel.a(thread.c.obj)
                0x0000000008008f74                k_thread_state_str
 .text.z_setup_new_thread
                0x0000000008008fec       0xc4 zephyr/kernel/libkernel.a(thread.c.obj)
                0x0000000008008fec                z_setup_new_thread
 .text.z_dummy_thread_init
                0x00000000080090b0       0x20 zephyr/kernel/libkernel.a(thread.c.obj)
                0x00000000080090b0                z_dummy_thread_init
 .text.z_swap_irqlock
                0x00000000080090d0       0x34 zephyr/kernel/libkernel.a(sched.c.obj)
 .text.ready_thread
                0x0000000008009104       0xb4 zephyr/kernel/libkernel.a(sched.c.obj)
 .text.unready_thread
                0x00000000080091b8       0x68 zephyr/kernel/libkernel.a(sched.c.obj)
 .text.thread_halt_spin
                0x0000000008009220      0x114 zephyr/kernel/libkernel.a(sched.c.obj)
 .text.add_thread_timeout
                0x0000000008009334       0x20 zephyr/kernel/libkernel.a(sched.c.obj)
 .text.move_thread_to_end_of_prio_q
                0x0000000008009354       0xc8 zephyr/kernel/libkernel.a(sched.c.obj)
                0x0000000008009354                move_thread_to_end_of_prio_q
 .text.z_impl_k_thread_suspend
                0x000000000800941c      0x170 zephyr/kernel/libkernel.a(sched.c.obj)
                0x000000000800941c                z_impl_k_thread_suspend
 .text.z_pend_curr
                0x000000000800958c       0x38 zephyr/kernel/libkernel.a(sched.c.obj)
                0x000000000800958c                z_pend_curr
 .text.z_thread_prio_set
                0x00000000080095c4      0x14c zephyr/kernel/libkernel.a(sched.c.obj)
                0x00000000080095c4                z_thread_prio_set
 .text.z_reschedule
                0x0000000008009710       0x2c zephyr/kernel/libkernel.a(sched.c.obj)
                0x0000000008009710                z_reschedule
 .text.z_impl_k_thread_resume
                0x000000000800973c       0x3c zephyr/kernel/libkernel.a(sched.c.obj)
                0x000000000800973c                z_impl_k_thread_resume
 .text.z_reschedule_irqlock
                0x0000000008009778       0x2c zephyr/kernel/libkernel.a(sched.c.obj)
                0x0000000008009778                z_reschedule_irqlock
 .text.k_sched_lock
                0x00000000080097a4       0x30 zephyr/kernel/libkernel.a(sched.c.obj)
                0x00000000080097a4                k_sched_lock
 .text.k_sched_unlock
                0x00000000080097d4       0x70 zephyr/kernel/libkernel.a(sched.c.obj)
                0x00000000080097d4                k_sched_unlock
 .text.z_sched_init
                0x0000000008009844       0x10 zephyr/kernel/libkernel.a(sched.c.obj)
                0x0000000008009844                z_sched_init
 .text.z_impl_k_yield
                0x0000000008009854       0xa0 zephyr/kernel/libkernel.a(sched.c.obj)
                0x0000000008009854                z_impl_k_yield
 .text.z_tick_sleep
                0x00000000080098f4       0x7c zephyr/kernel/libkernel.a(sched.c.obj)
 .text.z_impl_k_sleep
                0x0000000008009970       0x84 zephyr/kernel/libkernel.a(sched.c.obj)
                0x0000000008009970                z_impl_k_sleep
 .text.z_impl_k_wakeup
                0x00000000080099f4       0x48 zephyr/kernel/libkernel.a(sched.c.obj)
                0x00000000080099f4                z_impl_k_wakeup
 .text.z_impl_k_sched_current_thread_query
                0x0000000008009a3c        0xc zephyr/kernel/libkernel.a(sched.c.obj)
                0x0000000008009a3c                z_impl_k_sched_current_thread_query
 .text.z_thread_abort
                0x0000000008009a48      0x164 zephyr/kernel/libkernel.a(sched.c.obj)
                0x0000000008009a48                z_thread_abort
 .text.z_sched_wait
                0x0000000008009bac       0x28 zephyr/kernel/libkernel.a(sched.c.obj)
                0x0000000008009bac                z_sched_wait
 .text.slice_timeout
                0x0000000008009bd4       0x20 zephyr/kernel/libkernel.a(timeslicing.c.obj)
 .text.thread_is_sliceable
                0x0000000008009bf4       0x4c zephyr/kernel/libkernel.a(timeslicing.c.obj)
                0x0000000008009bf4                thread_is_sliceable
 .text.z_reset_time_slice
                0x0000000008009c40       0x50 zephyr/kernel/libkernel.a(timeslicing.c.obj)
                0x0000000008009c40                z_reset_time_slice
 .text.z_time_slice
                0x0000000008009c90       0x70 zephyr/kernel/libkernel.a(timeslicing.c.obj)
                0x0000000008009c90                z_time_slice
 .text.thread_foreach_helper
                0x0000000008009d00       0x60 zephyr/kernel/libkernel.a(thread_monitor.c.obj)
 .text.z_thread_monitor_exit
                0x0000000008009d60       0x3c zephyr/kernel/libkernel.a(thread_monitor.c.obj)
                0x0000000008009d60                z_thread_monitor_exit
 .text.z_data_copy
                0x0000000008009d9c       0x4c zephyr/kernel/libkernel.a(xip.c.obj)
                0x0000000008009d9c                z_data_copy
 .text.first    0x0000000008009de8       0x14 zephyr/kernel/libkernel.a(timeout.c.obj)
 .text.next     0x0000000008009dfc       0x18 zephyr/kernel/libkernel.a(timeout.c.obj)
 .text.elapsed  0x0000000008009e14       0x18 zephyr/kernel/libkernel.a(timeout.c.obj)
 .text.z_add_timeout
                0x0000000008009e2c      0x134 zephyr/kernel/libkernel.a(timeout.c.obj)
                0x0000000008009e2c                z_add_timeout
 .text.sys_clock_announce
                0x0000000008009f60       0xc4 zephyr/kernel/libkernel.a(timeout.c.obj)
                0x0000000008009f60                sys_clock_announce
 .text.sys_clock_tick_get
                0x000000000800a024       0x40 zephyr/kernel/libkernel.a(timeout.c.obj)
                0x000000000800a024                sys_clock_tick_get
 .text.z_timer_expiration_handler
                0x000000000800a064      0x11c zephyr/kernel/libkernel.a(timer.c.obj)
                0x000000000800a064                z_timer_expiration_handler
 .text.z_impl_k_timer_start
                0x000000000800a180       0x70 zephyr/kernel/libkernel.a(timer.c.obj)
                0x000000000800a180                z_impl_k_timer_start
 .text.clear_event_registration
                0x000000000800a1f0       0x34 zephyr/kernel/libkernel.a(poll.c.obj)
 .text.z_impl_k_poll
                0x000000000800a224       0xb8 zephyr/kernel/libkernel.a(poll.c.obj)
                0x000000000800a224                z_impl_k_poll
 .text.z_impl_k_poll_signal_raise
                0x000000000800a2dc       0x50 zephyr/kernel/libkernel.a(poll.c.obj)
                0x000000000800a2dc                z_impl_k_poll_signal_raise
 .text.boot_banner
                0x000000000800a32c       0x10 zephyr/kernel/libkernel.a(banner.c.obj)
                0x000000000800a32c                boot_banner
 .text.k_sys_work_q_init
                0x000000000800a33c       0x2c zephyr/kernel/libkernel.a(system_work_q.c.obj)
 .text.queue_submit_locked
                0x000000000800a368       0x88 zephyr/kernel/libkernel.a(work.c.obj)
 .text.finalize_cancel_locked
                0x000000000800a3f0       0x5c zephyr/kernel/libkernel.a(work.c.obj)
 .text.work_queue_main
                0x000000000800a44c      0x110 zephyr/kernel/libkernel.a(work.c.obj)
 .text.k_work_queue_start
                0x000000000800a55c       0x8c zephyr/kernel/libkernel.a(work.c.obj)
                0x000000000800a55c                k_work_queue_start
 .text.snprintf
                0x000000000800a5e8       0x54 /home/jaga/zephyr-sdk-0.17.2/arm-zephyr-eabi/bin/../lib/gcc/../../picolibc/arm-zephyr-eabi/lib/thumb/v7e-m/nofp/libc.a(libc_tinystdio_snprintf.c.o)
                0x000000000800a5e8                snprintf
 .text.strtol   0x000000000800a63c       0xec /home/jaga/zephyr-sdk-0.17.2/arm-zephyr-eabi/bin/../lib/gcc/../../picolibc/arm-zephyr-eabi/lib/thumb/v7e-m/nofp/libc.a(libc_tinystdio_strtol.c.o)
                0x000000000800a63c                strtol
 .text.strtoul  0x000000000800a728       0xcc /home/jaga/zephyr-sdk-0.17.2/arm-zephyr-eabi/bin/../lib/gcc/../../picolibc/arm-zephyr-eabi/lib/thumb/v7e-m/nofp/libc.a(libc_tinystdio_strtoul.c.o)
                0x000000000800a728                strtoul
 .text.skip_to_arg
                0x000000000800a7f4      0x138 /home/jaga/zephyr-sdk-0.17.2/arm-zephyr-eabi/bin/../lib/gcc/../../picolibc/arm-zephyr-eabi/lib/thumb/v7e-m/nofp/libc.a(libc_tinystdio_vfprintf.c.o)
 .text.vfprintf
                0x000000000800a92c      0x9c4 /home/jaga/zephyr-sdk-0.17.2/arm-zephyr-eabi/bin/../lib/gcc/../../picolibc/arm-zephyr-eabi/lib/thumb/v7e-m/nofp/libc.a(libc_tinystdio_vfprintf.c.o)
                0x000000000800a92c                __d_vfprintf
 .text.div10    0x000000000800b2f0       0x28 /home/jaga/zephyr-sdk-0.17.2/arm-zephyr-eabi/bin/../lib/gcc/../../picolibc/arm-zephyr-eabi/lib/thumb/v7e-m/nofp/libc.a(libc_tinystdio_dtoa_ryu.c.o)
 .text.__dtoa_engine
                0x000000000800b318      0x49c /home/jaga/zephyr-sdk-0.17.2/arm-zephyr-eabi/bin/../lib/gcc/../../picolibc/arm-zephyr-eabi/lib/thumb/v7e-m/nofp/libc.a(libc_tinystdio_dtoa_ryu.c.o)
                0x000000000800b318                __dtoa_engine
 .text.__log10Pow2
                0x000000000800b7b4        0xc /home/jaga/zephyr-sdk-0.17.2/arm-zephyr-eabi/bin/../lib/gcc/../../picolibc/arm-zephyr-eabi/lib/thumb/v7e-m/nofp/libc.a(libc_tinystdio_ryu_log10.c.o)
                0x000000000800b7b4                __log10Pow2
 .text.__log10Pow5
                0x000000000800b7c0        0xc /home/jaga/zephyr-sdk-0.17.2/arm-zephyr-eabi/bin/../lib/gcc/../../picolibc/arm-zephyr-eabi/lib/thumb/v7e-m/nofp/libc.a(libc_tinystdio_ryu_log10.c.o)
                0x000000000800b7c0                __log10Pow5
 .text.__pow5bits
                0x000000000800b7cc       0x10 /home/jaga/zephyr-sdk-0.17.2/arm-zephyr-eabi/bin/../lib/gcc/../../picolibc/arm-zephyr-eabi/lib/thumb/v7e-m/nofp/libc.a(libc_tinystdio_ryu_pow5bits.c.o)
                0x000000000800b7cc                __pow5bits
 .text.__pow5Factor
                0x000000000800b7dc       0x30 /home/jaga/zephyr-sdk-0.17.2/arm-zephyr-eabi/bin/../lib/gcc/../../picolibc/arm-zephyr-eabi/lib/thumb/v7e-m/nofp/libc.a(libc_tinystdio_ryu_table.c.o)
                0x000000000800b7dc                __pow5Factor
 .text.__double_computePow5
                0x000000000800b80c       0xe8 /home/jaga/zephyr-sdk-0.17.2/arm-zephyr-eabi/bin/../lib/gcc/../../picolibc/arm-zephyr-eabi/lib/thumb/v7e-m/nofp/libc.a(libc_tinystdio_ryu_table.c.o)
                0x000000000800b80c                __double_computePow5
 .text.__double_computeInvPow5
                0x000000000800b8f4       0xf8 /home/jaga/zephyr-sdk-0.17.2/arm-zephyr-eabi/bin/../lib/gcc/../../picolibc/arm-zephyr-eabi/lib/thumb/v7e-m/nofp/libc.a(libc_tinystdio_ryu_table.c.o)
                0x000000000800b8f4                __double_computeInvPow5
 .text._OffsetAbsSyms
                0x000000000800b9ec        0x2 zephyr/CMakeFiles/offsets.dir/./arch/arm/core/offsets/offsets.c.obj
                0x000000000800b9ec                _OffsetAbsSyms
 .text.main     0x000000000800b9ee       0x1a app/libapp.a(main.c.obj)
                0x000000000800b9ee                main
 .text.crc8     0x000000000800ba08       0x52 zephyr/libzephyr.a(crc8_sw.c.obj)
                0x000000000800ba08                crc8
 .text.set_chunk_used
                0x000000000800ba5a       0x38 zephyr/libzephyr.a(heap.c.obj)
 .text.free_list_add_bidx
                0x000000000800ba92       0xa4 zephyr/libzephyr.a(heap.c.obj)
 .text.free_list_add
                0x000000000800bb36       0x52 zephyr/libzephyr.a(heap.c.obj)
 .text.sys_heap_init
                0x000000000800bb88       0xfc zephyr/libzephyr.a(heap.c.obj)
                0x000000000800bb88                sys_heap_init
 .text.cbprintf_via_va_list
                0x000000000800bc84        0xe zephyr/libzephyr.a(cbprintf_packaged.c.obj)
 .text.is_fmt_spec
                0x000000000800bc92        0xe zephyr/libzephyr.a(cbprintf_packaged.c.obj)
 .text.get_package_len
                0x000000000800bca0       0x2a zephyr/libzephyr.a(cbprintf_packaged.c.obj)
 .text.append_string
                0x000000000800bcca       0x2c zephyr/libzephyr.a(cbprintf_packaged.c.obj)
 .text.cbpprintf_external
                0x000000000800bcf6       0x60 zephyr/libzephyr.a(cbprintf_packaged.c.obj)
                0x000000000800bcf6                cbpprintf_external
 .text.is_ptr   0x000000000800bd56       0x4e zephyr/libzephyr.a(cbprintf_packaged.c.obj)
                0x000000000800bd56                is_ptr
 .text.arch_printk_char_out
                0x000000000800bda4        0x4 zephyr/libzephyr.a(printk.c.obj)
                0x000000000800bda4                arch_printk_char_out
 .text.vprintk  0x000000000800bda8        0x8 zephyr/libzephyr.a(printk.c.obj)
                0x000000000800bda8                vprintk
 .text.printk   0x000000000800bdb0       0x1c zephyr/libzephyr.a(printk.c.obj)
                0x000000000800bdb0                printk
 .text.free_space
                0x000000000800bdcc       0x28 zephyr/libzephyr.a(mpsc_pbuf.c.obj)
 .text.available
                0x000000000800bdf4       0x24 zephyr/libzephyr.a(mpsc_pbuf.c.obj)
 .text.get_usage
                0x000000000800be18       0x24 zephyr/libzephyr.a(mpsc_pbuf.c.obj)
 .text.max_utilization_update
                0x000000000800be3c       0x26 zephyr/libzephyr.a(mpsc_pbuf.c.obj)
 .text.rd_idx_inc
                0x000000000800be62       0x26 zephyr/libzephyr.a(mpsc_pbuf.c.obj)
 .text.add_skip_item
                0x000000000800be88       0x66 zephyr/libzephyr.a(mpsc_pbuf.c.obj)
 .text.drop_item_locked
                0x000000000800beee      0x12e zephyr/libzephyr.a(mpsc_pbuf.c.obj)
 .text.post_drop_action
                0x000000000800c01c       0x62 zephyr/libzephyr.a(mpsc_pbuf.c.obj)
 .text.mpsc_pbuf_init
                0x000000000800c07e       0x42 zephyr/libzephyr.a(mpsc_pbuf.c.obj)
                0x000000000800c07e                mpsc_pbuf_init
 .text.mpsc_pbuf_alloc
                0x000000000800c0c0      0x134 zephyr/libzephyr.a(mpsc_pbuf.c.obj)
                0x000000000800c0c0                mpsc_pbuf_alloc
 .text.mpsc_pbuf_commit
                0x000000000800c1f4       0x50 zephyr/libzephyr.a(mpsc_pbuf.c.obj)
                0x000000000800c1f4                mpsc_pbuf_commit
 .text.mpsc_pbuf_claim
                0x000000000800c244       0xd0 zephyr/libzephyr.a(mpsc_pbuf.c.obj)
                0x000000000800c244                mpsc_pbuf_claim
 .text.mpsc_pbuf_free
                0x000000000800c314       0x88 zephyr/libzephyr.a(mpsc_pbuf.c.obj)
                0x000000000800c314                mpsc_pbuf_free
 .text.mpsc_pbuf_is_pending
                0x000000000800c39c       0x2c zephyr/libzephyr.a(mpsc_pbuf.c.obj)
                0x000000000800c39c                mpsc_pbuf_is_pending
 .text.ring_buf_area_claim
                0x000000000800c3c8       0x42 zephyr/libzephyr.a(ring_buffer.c.obj)
                0x000000000800c3c8                ring_buf_area_claim
 .text.ring_buf_put_claim
                0x000000000800c40a       0x26 zephyr/libzephyr.a(ring_buffer.c.obj)
 .text.ring_buf_get_claim
                0x000000000800c430       0x24 zephyr/libzephyr.a(ring_buffer.c.obj)
 .text.ring_buf_area_finish
                0x000000000800c454       0x40 zephyr/libzephyr.a(ring_buffer.c.obj)
                0x000000000800c454                ring_buf_area_finish
 .text.ring_buf_put
                0x000000000800c494       0x42 zephyr/libzephyr.a(ring_buffer.c.obj)
                0x000000000800c494                ring_buf_put
 .text.ring_buf_get
                0x000000000800c4d6       0x4a zephyr/libzephyr.a(ring_buffer.c.obj)
                0x000000000800c4d6                ring_buf_get
 .text._ConfigAbsSyms
                0x000000000800c520        0x2 zephyr/libzephyr.a(configs.c.obj)
                0x000000000800c520                _ConfigAbsSyms
 .text.log_msg_generic_get_wlen
                0x000000000800c522       0x20 zephyr/libzephyr.a(log_core.c.obj)
 .text.log_backend_init
                0x000000000800c542       0x14 zephyr/libzephyr.a(log_core.c.obj)
 .text.dummy_timestamp
                0x000000000800c556        0x4 zephyr/libzephyr.a(log_core.c.obj)
 .text.k_msleep
                0x000000000800c55a       0x20 zephyr/libzephyr.a(log_core.c.obj)
 .text.msg_filter_check
                0x000000000800c57a       0x44 zephyr/libzephyr.a(log_core.c.obj)
 .text.msg_alloc
                0x000000000800c5be        0xc zephyr/libzephyr.a(log_core.c.obj)
 .text.msg_free
                0x000000000800c5ca        0x8 zephyr/libzephyr.a(log_core.c.obj)
 .text.msg_pending
                0x000000000800c5d2        0x8 zephyr/libzephyr.a(log_core.c.obj)
 .text.z_log_vprintk
                0x000000000800c5da       0x1e zephyr/libzephyr.a(log_core.c.obj)
                0x000000000800c5da                z_log_vprintk
 .text.z_log_notify_drop
                0x000000000800c5f8        0xa zephyr/libzephyr.a(log_core.c.obj)
 .text.z_log_msg_claim
                0x000000000800c602        0x8 zephyr/libzephyr.a(log_core.c.obj)
                0x000000000800c602                z_log_msg_claim
 .text.msg_commit
                0x000000000800c60a        0xc zephyr/libzephyr.a(log_core.c.obj)
 .text.z_log_get_tag
                0x000000000800c616        0x4 zephyr/libzephyr.a(log_core.c.obj)
                0x000000000800c616                z_log_get_tag
 .text.max_filter_get
                0x000000000800c61a       0x24 zephyr/libzephyr.a(log_mgmt.c.obj)
 .text.set_runtime_filter
                0x000000000800c63e       0x3c zephyr/libzephyr.a(log_mgmt.c.obj)
 .text.filter_get
                0x000000000800c67a       0x30 zephyr/libzephyr.a(log_mgmt.c.obj)
 .text.log_source_id_get
                0x000000000800c6aa       0x34 zephyr/libzephyr.a(log_mgmt.c.obj)
                0x000000000800c6aa                log_source_id_get
 .text.z_impl_log_filter_set
                0x000000000800c6de       0x14 zephyr/libzephyr.a(log_mgmt.c.obj)
                0x000000000800c6de                z_impl_log_filter_set
 .text.backend_filter_set
                0x000000000800c6f2       0x26 zephyr/libzephyr.a(log_mgmt.c.obj)
 .text.log_backend_enable
                0x000000000800c718       0x20 zephyr/libzephyr.a(log_mgmt.c.obj)
                0x000000000800c718                log_backend_enable
 .text.log_backend_disable
                0x000000000800c738       0x1a zephyr/libzephyr.a(log_mgmt.c.obj)
                0x000000000800c738                log_backend_disable
 .text.log_filter_get
                0x000000000800c752       0x16 zephyr/libzephyr.a(log_mgmt.c.obj)
                0x000000000800c752                log_filter_get
 .text.z_cbprintf_cpy
                0x000000000800c768       0x32 zephyr/libzephyr.a(log_msg.c.obj)
 .text.z_log_msg_finalize
                0x000000000800c79a       0x2e zephyr/libzephyr.a(log_msg.c.obj)
                0x000000000800c79a                z_log_msg_finalize
 .text.z_log_msg_simple_create
                0x000000000800c7c8       0x62 zephyr/libzephyr.a(log_msg.c.obj)
 .text.z_impl_z_log_msg_simple_create_0
                0x000000000800c82a       0x14 zephyr/libzephyr.a(log_msg.c.obj)
                0x000000000800c82a                z_impl_z_log_msg_simple_create_0
 .text.z_impl_z_log_msg_simple_create_1
                0x000000000800c83e       0x16 zephyr/libzephyr.a(log_msg.c.obj)
                0x000000000800c83e                z_impl_z_log_msg_simple_create_1
 .text.z_log_msg_static_create
                0x000000000800c854        0x8 zephyr/libzephyr.a(log_msg.c.obj)
 .text.log_output_flush
                0x000000000800c85c       0x2e zephyr/libzephyr.a(log_output.c.obj)
 .text.out_func
                0x000000000800c88a       0x38 zephyr/libzephyr.a(log_output.c.obj)
 .text.cr_out_func
                0x000000000800c8c2       0x1e zephyr/libzephyr.a(log_output.c.obj)
 .text.color_prefix
                0x000000000800c8e0        0xc zephyr/libzephyr.a(log_output.c.obj)
 .text.color_postfix
                0x000000000800c8ec        0xc zephyr/libzephyr.a(log_output.c.obj)
 .text.postfix_print
                0x000000000800c8f8       0x18 zephyr/libzephyr.a(log_output.c.obj)
 .text.log_msg_hexdump
                0x000000000800c910       0x36 zephyr/libzephyr.a(log_output.c.obj)
 .text.log_output_msg_process
                0x000000000800c946       0x66 zephyr/libzephyr.a(log_output.c.obj)
                0x000000000800c946                log_output_msg_process
 .text.k_msleep
                0x000000000800c9ac       0x20 zephyr/libzephyr.a(sleep.c.obj)
 .text.thread_valid_cb
                0x000000000800c9cc        0xe zephyr/libzephyr.a(thread.c.obj)
 .text.is_ascii
                0x000000000800c9da       0x28 zephyr/libzephyr.a(devmem_service.c.obj)
 .text.log_msg_generic_get_wlen
                0x000000000800ca02       0x20 zephyr/libzephyr.a(shell_uart.c.obj)
 .text.uart_irq_callback_user_data_set
                0x000000000800ca22       0x1c zephyr/libzephyr.a(shell_uart.c.obj)
 .text.uart_irq_tx_enable
                0x000000000800ca3e        0xc zephyr/libzephyr.a(shell_uart.c.obj)
 .text.uart_irq_tx_disable
                0x000000000800ca4a        0xc zephyr/libzephyr.a(shell_uart.c.obj)
 .text.uart_irq_rx_enable
                0x000000000800ca56        0xc zephyr/libzephyr.a(shell_uart.c.obj)
 .text.uart_irq_rx_disable
                0x000000000800ca62        0xc zephyr/libzephyr.a(shell_uart.c.obj)
 .text.uart_irq_update
                0x000000000800ca6e       0x12 zephyr/libzephyr.a(shell_uart.c.obj)
 .text.uart_dtr_check
                0x000000000800ca80        0x4 zephyr/libzephyr.a(shell_uart.c.obj)
 .text.init     0x000000000800ca84       0x14 zephyr/libzephyr.a(shell_uart.c.obj)
 .text.enable   0x000000000800ca98       0x14 zephyr/libzephyr.a(shell_uart.c.obj)
 .text.polling_write
                0x000000000800caac       0x34 zephyr/libzephyr.a(shell_uart.c.obj)
 .text.irq_read
                0x000000000800cae0       0x10 zephyr/libzephyr.a(shell_uart.c.obj)
 .text.read_uart
                0x000000000800caf0        0xa zephyr/libzephyr.a(shell_uart.c.obj)
 .text.irq_write
                0x000000000800cafa       0x36 zephyr/libzephyr.a(shell_uart.c.obj)
 .text.write_uart
                0x000000000800cb30       0x14 zephyr/libzephyr.a(shell_uart.c.obj)
 .text.irq_uninit
                0x000000000800cb44       0x18 zephyr/libzephyr.a(shell_uart.c.obj)
 .text.uninit   0x000000000800cb5c        0xc zephyr/libzephyr.a(shell_uart.c.obj)
 .text.ring_buf_put_claim
                0x000000000800cb68       0x26 zephyr/libzephyr.a(shell_uart.c.obj)
 .text.ring_buf_get_claim
                0x000000000800cb8e       0x24 zephyr/libzephyr.a(shell_uart.c.obj)
 .text.uart_tx_handle
                0x000000000800cbb2       0x72 zephyr/libzephyr.a(shell_uart.c.obj)
 .text.uart_callback
                0x000000000800cc24       0x34 zephyr/libzephyr.a(shell_uart.c.obj)
 .text.cmd_buffer_clear
                0x000000000800cc58       0x16 zephyr/libzephyr.a(shell.c.obj)
 .text.str_common
                0x000000000800cc6e       0x26 zephyr/libzephyr.a(shell.c.obj)
 .text.active_cmd_prepare
                0x000000000800cc94       0x54 zephyr/libzephyr.a(shell.c.obj)
 .text.process_nl
                0x000000000800cce8       0x4c zephyr/libzephyr.a(shell.c.obj)
 .text.shell_log_process
                0x000000000800cd34       0x4e zephyr/libzephyr.a(shell.c.obj)
 .text.history_purge
                0x000000000800cd82        0xa zephyr/libzephyr.a(shell.c.obj)
 .text.instance_uninit
                0x000000000800cd8c       0x3a zephyr/libzephyr.a(shell.c.obj)
 .text.z_flag_print_noinit_set
                0x000000000800cdc6       0x40 zephyr/libzephyr.a(shell.c.obj)
 .text.z_flag_handle_log_set
                0x000000000800ce06       0x40 zephyr/libzephyr.a(shell.c.obj)
 .text.z_flag_tx_rdy_set
                0x000000000800ce46       0x40 zephyr/libzephyr.a(shell.c.obj)
 .text.z_flag_cmd_ctx_set
                0x000000000800ce86       0x40 zephyr/libzephyr.a(shell.c.obj)
 .text.z_flag_history_exit_set
                0x000000000800cec6       0x40 zephyr/libzephyr.a(shell.c.obj)
 .text.z_flag_insert_mode_set
                0x000000000800cf06       0x40 zephyr/libzephyr.a(shell.c.obj)
 .text.z_flag_processing_set
                0x000000000800cf46       0x40 zephyr/libzephyr.a(shell.c.obj)
 .text.shell_signal_handle
                0x000000000800cf86       0x32 zephyr/libzephyr.a(shell.c.obj)
 .text.transport_evt_handler
                0x000000000800cfb8       0x1a zephyr/libzephyr.a(shell.c.obj)
 .text.history_init
                0x000000000800cfd2        0xa zephyr/libzephyr.a(shell.c.obj)
 .text.z_shell_raw_fprintf
                0x000000000800cfdc       0x1c zephyr/libzephyr.a(shell.c.obj)
 .text.history_mode_exit
                0x000000000800cff8       0x12 zephyr/libzephyr.a(shell.c.obj)
 .text.history_put
                0x000000000800d00a        0xa zephyr/libzephyr.a(shell.c.obj)
 .text.find_completion_candidates
                0x000000000800d014       0x78 zephyr/libzephyr.a(shell.c.obj)
 .text.common_beginning_find
                0x000000000800d08c       0x86 zephyr/libzephyr.a(shell.c.obj)
 .text.partial_autocomplete
                0x000000000800d112       0x40 zephyr/libzephyr.a(shell.c.obj)
 .text.tab_handle
                0x000000000800d152       0x92 zephyr/libzephyr.a(shell.c.obj)
 .text.alt_metakeys_handle
                0x000000000800d1e4       0x1e zephyr/libzephyr.a(shell.c.obj)
 .text.history_handle
                0x000000000800d202       0xb2 zephyr/libzephyr.a(shell.c.obj)
 .text.shell_process
                0x000000000800d2b4       0x24 zephyr/libzephyr.a(shell.c.obj)
                0x000000000800d2b4                shell_process
 .text.shell_vfprintf
                0x000000000800d2d8       0x90 zephyr/libzephyr.a(shell.c.obj)
                0x000000000800d2d8                shell_vfprintf
 .text.shell_fprintf_impl
                0x000000000800d368       0x1c zephyr/libzephyr.a(shell.c.obj)
                0x000000000800d368                shell_fprintf_impl
 .text.shell_fprintf_info
                0x000000000800d384       0x1e zephyr/libzephyr.a(shell.c.obj)
                0x000000000800d384                shell_fprintf_info
 .text.shell_fprintf_normal
                0x000000000800d3a2       0x1e zephyr/libzephyr.a(shell.c.obj)
                0x000000000800d3a2                shell_fprintf_normal
 .text.shell_fprintf_warn
                0x000000000800d3c0       0x1e zephyr/libzephyr.a(shell.c.obj)
                0x000000000800d3c0                shell_fprintf_warn
 .text.shell_fprintf_error
                0x000000000800d3de       0x1e zephyr/libzephyr.a(shell.c.obj)
                0x000000000800d3de                shell_fprintf_error
 .text.shell_hexdump
                0x000000000800d3fc       0x2e zephyr/libzephyr.a(shell.c.obj)
                0x000000000800d3fc                shell_hexdump
 .text.shell_prompt_change
                0x000000000800d42a       0x6e zephyr/libzephyr.a(shell.c.obj)
                0x000000000800d42a                shell_prompt_change
 .text.shell_help
                0x000000000800d498       0x2a zephyr/libzephyr.a(shell.c.obj)
                0x000000000800d498                shell_help
 .text.shell_get_return_value
                0x000000000800d4c2       0x10 zephyr/libzephyr.a(shell.c.obj)
                0x000000000800d4c2                shell_get_return_value
 .text.shell_set_bypass
                0x000000000800d4d2       0x10 zephyr/libzephyr.a(shell.c.obj)
                0x000000000800d4d2                shell_set_bypass
 .text.z_shell_fprintf_buffer_flush
                0x000000000800d4e2       0x18 zephyr/libzephyr.a(shell_fprintf.c.obj)
                0x000000000800d4e2                z_shell_fprintf_buffer_flush
 .text.out_func
                0x000000000800d4fa       0x40 zephyr/libzephyr.a(shell_fprintf.c.obj)
 .text.line_num_with_buffer_offset_get
                0x000000000800d53a        0xc zephyr/libzephyr.a(shell_utils.c.obj)
 .text.col_num_with_buffer_offset_get
                0x000000000800d546       0x12 zephyr/libzephyr.a(shell_utils.c.obj)
 .text.shell_device_internal
                0x000000000800d558       0x7e zephyr/libzephyr.a(shell_utils.c.obj)
 .text.z_column_span_with_buffer_offsets_get
                0x000000000800d5d6       0x1a zephyr/libzephyr.a(shell_utils.c.obj)
                0x000000000800d5d6                z_column_span_with_buffer_offsets_get
 .text.z_row_span_with_buffer_offsets_get
                0x000000000800d5f0       0x1a zephyr/libzephyr.a(shell_utils.c.obj)
                0x000000000800d5f0                z_row_span_with_buffer_offsets_get
 .text.z_shell_multiline_data_calc
                0x000000000800d60a       0x38 zephyr/libzephyr.a(shell_utils.c.obj)
                0x000000000800d60a                z_shell_multiline_data_calc
 .text.z_shell_pattern_remove
                0x000000000800d642       0x54 zephyr/libzephyr.a(shell_utils.c.obj)
                0x000000000800d642                z_shell_pattern_remove
 .text.z_shell_find_cmd
                0x000000000800d696       0x46 zephyr/libzephyr.a(shell_utils.c.obj)
                0x000000000800d696                z_shell_find_cmd
 .text.z_shell_get_last_command
                0x000000000800d6dc       0x62 zephyr/libzephyr.a(shell_utils.c.obj)
                0x000000000800d6dc                z_shell_get_last_command
 .text.z_shell_cmd_trim
                0x000000000800d73e       0x1c zephyr/libzephyr.a(shell_utils.c.obj)
                0x000000000800d73e                z_shell_cmd_trim
 .text.shell_device_filter
                0x000000000800d75a        0xc zephyr/libzephyr.a(shell_utils.c.obj)
                0x000000000800d75a                shell_device_filter
 .text.shell_device_get_binding
                0x000000000800d766       0x14 zephyr/libzephyr.a(shell_utils.c.obj)
                0x000000000800d766                shell_device_get_binding
 .text.z_shell_raw_fprintf
                0x000000000800d77a       0x1c zephyr/libzephyr.a(shell_ops.c.obj)
 .text.full_line_cmd
                0x000000000800d796       0x30 zephyr/libzephyr.a(shell_ops.c.obj)
 .text.z_flag_tx_rdy_set
                0x000000000800d7c6       0x40 zephyr/libzephyr.a(shell_ops.c.obj)
 .text.shell_pend_on_txdone
                0x000000000800d806       0x4e zephyr/libzephyr.a(shell_ops.c.obj)
 .text.z_shell_cursor_in_empty_line
                0x000000000800d854       0x36 zephyr/libzephyr.a(shell_ops.c.obj)
                0x000000000800d854                z_shell_cursor_in_empty_line
 .text.z_shell_op_cursor_move
                0x000000000800d88a       0x54 zephyr/libzephyr.a(shell_ops.c.obj)
                0x000000000800d88a                z_shell_op_cursor_move
 .text.z_shell_op_cursor_word_move
                0x000000000800d8de       0x40 zephyr/libzephyr.a(shell_ops.c.obj)
                0x000000000800d8de                z_shell_op_cursor_word_move
 .text.z_shell_op_cursor_home_move
                0x000000000800d91e       0x12 zephyr/libzephyr.a(shell_ops.c.obj)
                0x000000000800d91e                z_shell_op_cursor_home_move
 .text.z_shell_op_cursor_end_move
                0x000000000800d930       0x16 zephyr/libzephyr.a(shell_ops.c.obj)
                0x000000000800d930                z_shell_op_cursor_end_move
 .text.z_shell_op_left_arrow
                0x000000000800d946       0x16 zephyr/libzephyr.a(shell_ops.c.obj)
                0x000000000800d946                z_shell_op_left_arrow
 .text.z_shell_op_right_arrow
                0x000000000800d95c       0x1a zephyr/libzephyr.a(shell_ops.c.obj)
                0x000000000800d95c                z_shell_op_right_arrow
 .text.z_shell_op_delete_from_cursor
                0x000000000800d976       0x20 zephyr/libzephyr.a(shell_ops.c.obj)
                0x000000000800d976                z_shell_op_delete_from_cursor
 .text.z_shell_cmd_line_erase
                0x000000000800d996       0x36 zephyr/libzephyr.a(shell_ops.c.obj)
                0x000000000800d996                z_shell_cmd_line_erase
 .text.z_shell_write
                0x000000000800d9cc       0x40 zephyr/libzephyr.a(shell_ops.c.obj)
                0x000000000800d9cc                z_shell_write
 .text.z_shell_print_stream
                0x000000000800da0c        0x8 zephyr/libzephyr.a(shell_ops.c.obj)
                0x000000000800da0c                z_shell_print_stream
 .text.z_shell_vt100_colors_restore
                0x000000000800da14       0x16 zephyr/libzephyr.a(shell_ops.c.obj)
                0x000000000800da14                z_shell_vt100_colors_restore
 .text.z_shell_vfprintf
                0x000000000800da2a       0x4c zephyr/libzephyr.a(shell_ops.c.obj)
                0x000000000800da2a                z_shell_vfprintf
 .text.z_shell_fprintf
                0x000000000800da76       0x1c zephyr/libzephyr.a(shell_ops.c.obj)
                0x000000000800da76                z_shell_fprintf
 .text.data_insert
                0x000000000800da92       0x7a zephyr/libzephyr.a(shell_ops.c.obj)
 .text.z_shell_op_char_insert
                0x000000000800db0c       0x38 zephyr/libzephyr.a(shell_ops.c.obj)
                0x000000000800db0c                z_shell_op_char_insert
 .text.z_shell_op_completion_insert
                0x000000000800db44        0x8 zephyr/libzephyr.a(shell_ops.c.obj)
                0x000000000800db44                z_shell_op_completion_insert
 .text.z_shell_op_char_delete
                0x000000000800db4c       0x3e zephyr/libzephyr.a(shell_ops.c.obj)
                0x000000000800db4c                z_shell_op_char_delete
 .text.z_shell_op_char_backspace
                0x000000000800db8a       0x26 zephyr/libzephyr.a(shell_ops.c.obj)
                0x000000000800db8a                z_shell_op_char_backspace
 .text.z_shell_print_prompt_and_cmd
                0x000000000800dbb0       0x24 zephyr/libzephyr.a(shell_ops.c.obj)
                0x000000000800dbb0                z_shell_print_prompt_and_cmd
 .text.z_shell_backend_rx_buffer_flush
                0x000000000800dbd4       0x2c zephyr/libzephyr.a(shell_ops.c.obj)
                0x000000000800dbd4                z_shell_backend_rx_buffer_flush
 .text.log_msg_generic_get_wlen
                0x000000000800dc00       0x20 zephyr/libzephyr.a(shell_log_backend.c.obj)
 .text.fifo_reset
                0x000000000800dc20        0xc zephyr/libzephyr.a(shell_log_backend.c.obj)
 .text.process_log_msg
                0x000000000800dc2c       0x9c zephyr/libzephyr.a(shell_log_backend.c.obj)
 .text.process_msg_from_buffer
                0x000000000800dcc8       0x46 zephyr/libzephyr.a(shell_log_backend.c.obj)
 .text.z_flag_sync_mode_set
                0x000000000800dd0e       0x40 zephyr/libzephyr.a(shell_log_backend.c.obj)
 .text.dropped  0x000000000800dd4e       0x38 zephyr/libzephyr.a(shell_log_backend.c.obj)
 .text.copy_to_pbuffer
                0x000000000800dd86       0x60 zephyr/libzephyr.a(shell_log_backend.c.obj)
 .text.process  0x000000000800dde6       0x68 zephyr/libzephyr.a(shell_log_backend.c.obj)
 .text.z_shell_log_backend_output_func
                0x000000000800de4e       0x14 zephyr/libzephyr.a(shell_log_backend.c.obj)
                0x000000000800de4e                z_shell_log_backend_output_func
 .text.z_shell_log_backend_enable
                0x000000000800de62       0x2a zephyr/libzephyr.a(shell_log_backend.c.obj)
                0x000000000800de62                z_shell_log_backend_enable
 .text.z_shell_log_backend_disable
                0x000000000800de8c       0x12 zephyr/libzephyr.a(shell_log_backend.c.obj)
                0x000000000800de8c                z_shell_log_backend_disable
 .text.panic    0x000000000800de9e       0x5c zephyr/libzephyr.a(shell_log_backend.c.obj)
 .text.z_shell_log_backend_process
                0x000000000800defa       0x62 zephyr/libzephyr.a(shell_log_backend.c.obj)
                0x000000000800defa                z_shell_log_backend_process
 .text.z_shell_raw_fprintf
                0x000000000800df5c       0x1c zephyr/libzephyr.a(shell_help.c.obj)
 .text.z_shell_help_subcmd_print
                0x000000000800df78       0x72 zephyr/libzephyr.a(shell_help.c.obj)
                0x000000000800df78                z_shell_help_subcmd_print
 .text.cmd_comment
                0x000000000800dfea        0x4 zephyr/libzephyr.a(shell_cmds.c.obj)
 .text.cmd_shell_stats_reset
                0x000000000800dfee        0x8 zephyr/libzephyr.a(shell_cmds.c.obj)
 .text.z_shell_raw_fprintf
                0x000000000800dff6       0x1c zephyr/libzephyr.a(shell_cmds.c.obj)
 .text.z_flag_echo_set
                0x000000000800e012       0x40 zephyr/libzephyr.a(shell_cmds.c.obj)
 .text.cmd_echo_on
                0x000000000800e052        0xc zephyr/libzephyr.a(shell_cmds.c.obj)
 .text.cmd_echo_off
                0x000000000800e05e        0xc zephyr/libzephyr.a(shell_cmds.c.obj)
 .text.z_flag_use_vt100_set
                0x000000000800e06a       0x40 zephyr/libzephyr.a(shell_cmds.c.obj)
 .text.cmd_vt100_on
                0x000000000800e0aa        0xc zephyr/libzephyr.a(shell_cmds.c.obj)
 .text.cmd_vt100_off
                0x000000000800e0b6        0xc zephyr/libzephyr.a(shell_cmds.c.obj)
 .text.z_flag_use_colors_set
                0x000000000800e0c2       0x40 zephyr/libzephyr.a(shell_cmds.c.obj)
 .text.cmd_colors_on
                0x000000000800e102        0xc zephyr/libzephyr.a(shell_cmds.c.obj)
 .text.cmd_colors_off
                0x000000000800e10e        0xc zephyr/libzephyr.a(shell_cmds.c.obj)
 .text.z_flag_mode_delete_set
                0x000000000800e11a       0x40 zephyr/libzephyr.a(shell_cmds.c.obj)
 .text.cmd_bacskpace_mode_delete
                0x000000000800e15a        0xc zephyr/libzephyr.a(shell_cmds.c.obj)
 .text.cmd_bacskpace_mode_backspace
                0x000000000800e166        0xc zephyr/libzephyr.a(shell_cmds.c.obj)
 .text.cmd_prompt_on
                0x000000000800e172        0xc zephyr/libzephyr.a(shell_cmds.c.obj)
 .text.terminal_size_get
                0x000000000800e17e       0x4e zephyr/libzephyr.a(shell_cmds.c.obj)
 .text.add_to_head
                0x000000000800e1cc       0x28 zephyr/libzephyr.a(shell_history.c.obj)
 .text.remove_from_tail
                0x000000000800e1f4       0x30 zephyr/libzephyr.a(shell_history.c.obj)
 .text.ring_buf_put_claim
                0x000000000800e224       0x26 zephyr/libzephyr.a(shell_history.c.obj)
 .text.z_shell_history_mode_exit
                0x000000000800e24a        0x6 zephyr/libzephyr.a(shell_history.c.obj)
                0x000000000800e24a                z_shell_history_mode_exit
 .text.z_shell_history_get
                0x000000000800e250       0x66 zephyr/libzephyr.a(shell_history.c.obj)
                0x000000000800e250                z_shell_history_get
 .text.z_shell_history_purge
                0x000000000800e2b6       0x10 zephyr/libzephyr.a(shell_history.c.obj)
                0x000000000800e2b6                z_shell_history_purge
 .text.z_shell_history_put
                0x000000000800e2c6       0xd6 zephyr/libzephyr.a(shell_history.c.obj)
                0x000000000800e2c6                z_shell_history_put
 .text.z_shell_history_init
                0x000000000800e39c        0xc zephyr/libzephyr.a(shell_history.c.obj)
                0x000000000800e39c                z_shell_history_init
 .text.command_add
                0x000000000800e3a8       0x64 zephyr/libzephyr.a(shell_wildcard.c.obj)
 .text.z_shell_has_wildcard
                0x000000000800e40c       0x30 zephyr/libzephyr.a(shell_wildcard.c.obj)
                0x000000000800e40c                z_shell_has_wildcard
 .text.z_shell_wildcard_prepare
                0x000000000800e43c       0x4a zephyr/libzephyr.a(shell_wildcard.c.obj)
                0x000000000800e43c                z_shell_wildcard_prepare
 .text.z_shell_wildcard_process
                0x000000000800e486       0x26 zephyr/libzephyr.a(shell_wildcard.c.obj)
                0x000000000800e486                z_shell_wildcard_process
 .text.z_shell_wildcard_finalize
                0x000000000800e4ac       0x20 zephyr/libzephyr.a(shell_wildcard.c.obj)
                0x000000000800e4ac                z_shell_wildcard_finalize
 .text.z_do_kernel_oops
                0x000000000800e4cc        0xc zephyr/arch/arch/arm/core/libarch__arm__core.a(fatal.c.obj)
                0x000000000800e4cc                z_do_kernel_oops
 .text.z_arm_nmi
                0x000000000800e4d8        0xc zephyr/arch/arch/arm/core/libarch__arm__core.a(nmi.c.obj)
                0x000000000800e4d8                z_arm_nmi
 .text.memory_fault_recoverable
                0x000000000800e4e4        0x4 zephyr/arch/arch/arm/core/cortex_m/libarch__arm__core__cortex_m.a(fault.c.obj)
 .text.fault_handle
                0x000000000800e4e8       0x4a zephyr/arch/arch/arm/core/cortex_m/libarch__arm__core__cortex_m.a(fault.c.obj)
 .text.arm_irq_enable
                0x000000000800e532        0xa zephyr/arch/arch/arm/core/cortex_m/libarch__arm__core__cortex_m.a(irq_manage.c.obj)
                0x000000000800e532                arm_irq_enable
 .text.arm_irq_priority_set
                0x000000000800e53c        0xc zephyr/arch/arch/arm/core/cortex_m/libarch__arm__core__cortex_m.a(irq_manage.c.obj)
                0x000000000800e53c                arm_irq_priority_set
 .text.z_irq_spurious
                0x000000000800e548        0xc zephyr/arch/arch/arm/core/cortex_m/libarch__arm__core__cortex_m.a(irq_manage.c.obj)
                0x000000000800e548                z_irq_spurious
 .text.arch_irq_unlock_outlined
                0x000000000800e554        0xe zephyr/arch/arch/arm/core/cortex_m/libarch__arm__core__cortex_m.a(thread.c.obj)
                0x000000000800e554                arch_irq_unlock_outlined
 .text.arch_cpu_idle
                0x000000000800e562       0x1a zephyr/arch/arch/arm/core/cortex_m/libarch__arm__core__cortex_m.a(cpu_idle.c.obj)
                0x000000000800e562                arch_cpu_idle
 .text.mpu_partition_is_valid
                0x000000000800e57c       0x22 zephyr/arch/arch/arm/core/mpu/libarch__arm__core__mpu.a(arm_mpu.c.obj)
 .text.mpu_configure_region
                0x000000000800e59e       0x3e zephyr/arch/arch/arm/core/mpu/libarch__arm__core__mpu.a(arm_mpu.c.obj)
 .text.arm_core_mpu_configure_static_mpu_regions
                0x000000000800e5dc        0x8 zephyr/arch/arch/arm/core/mpu/libarch__arm__core__mpu.a(arm_mpu.c.obj)
                0x000000000800e5dc                arm_core_mpu_configure_static_mpu_regions
 .text.arm_core_mpu_configure_dynamic_mpu_regions
                0x000000000800e5e4        0x8 zephyr/arch/arch/arm/core/mpu/libarch__arm__core__mpu.a(arm_mpu.c.obj)
                0x000000000800e5e4                arm_core_mpu_configure_dynamic_mpu_regions
 .text.cbputc   0x000000000800e5ec        0xc zephyr/lib/libc/picolibc/liblib__libc__picolibc.a(cbprintf.c.obj)
 .text.picolibc_put
                0x000000000800e5f8        0xa zephyr/lib/libc/picolibc/liblib__libc__picolibc.a(stdio.c.obj)
 .text.rangematch
                0x000000000800e602       0xfa zephyr/lib/posix/options/liblib__posix__options.a(fnmatch.c.obj)
 .text.fnmatchx
                0x000000000800e6fc      0x222 zephyr/lib/posix/options/liblib__posix__options.a(fnmatch.c.obj)
 .text.fnmatch  0x000000000800e91e        0xa zephyr/lib/posix/options/liblib__posix__options.a(fnmatch.c.obj)
                0x000000000800e91e                fnmatch
 .text.stm32_exti_init
                0x000000000800e928       0x94 zephyr/drivers/interrupt_controller/libdrivers__interrupt_controller.a(intc_exti_stm32.c.obj)